Archive member included to satisfy reference by file (symbol)

/usr/lib/gcc/arm-none-eabi/12.1.0/thumb/v7e-m/nofp/libgcc.a(_aeabi_ldivmod.o)
                              build/MIMXRT1062DVJ6A/system_MIMXRT1062.o (__aeabi_ldivmod)
/usr/lib/gcc/arm-none-eabi/12.1.0/thumb/v7e-m/nofp/libgcc.a(_aeabi_uldivmod.o)
                              build/MIMXRT1062DVJ6A/system_MIMXRT1062.o (__aeabi_uldivmod)
/usr/lib/gcc/arm-none-eabi/12.1.0/thumb/v7e-m/nofp/libgcc.a(_udivmoddi4.o)
                              /usr/lib/gcc/arm-none-eabi/12.1.0/thumb/v7e-m/nofp/libgcc.a(_aeabi_ldivmod.o) (__udivmoddi4)
/usr/lib/gcc/arm-none-eabi/12.1.0/thumb/v7e-m/nofp/libgcc.a(_dvmd_tls.o)
                              /usr/lib/gcc/arm-none-eabi/12.1.0/thumb/v7e-m/nofp/libgcc.a(_aeabi_ldivmod.o) (__aeabi_ldiv0)
/usr/lib/gcc/arm-none-eabi/12.1.0/../../../../arm-none-eabi/lib/thumb/v7e-m/nofp/libg.a(lib_a-assert.o)
                              build/clock_config.o (__assert_func)
/usr/lib/gcc/arm-none-eabi/12.1.0/../../../../arm-none-eabi/lib/thumb/v7e-m/nofp/libg.a(lib_a-fiprintf.o)
                              /usr/lib/gcc/arm-none-eabi/12.1.0/../../../../arm-none-eabi/lib/thumb/v7e-m/nofp/libg.a(lib_a-assert.o) (fiprintf)
/usr/lib/gcc/arm-none-eabi/12.1.0/../../../../arm-none-eabi/lib/thumb/v7e-m/nofp/libg.a(lib_a-impure.o)
                              /usr/lib/gcc/arm-none-eabi/12.1.0/../../../../arm-none-eabi/lib/thumb/v7e-m/nofp/libg.a(lib_a-assert.o) (_impure_ptr)
/usr/lib/gcc/arm-none-eabi/12.1.0/../../../../arm-none-eabi/lib/thumb/v7e-m/nofp/libg.a(lib_a-malloc.o)
                              build/MIMXRT1062DVJ6A/fsl_common.o (malloc)
/usr/lib/gcc/arm-none-eabi/12.1.0/../../../../arm-none-eabi/lib/thumb/v7e-m/nofp/libg.a(lib_a-mallocr.o)
                              /usr/lib/gcc/arm-none-eabi/12.1.0/../../../../arm-none-eabi/lib/thumb/v7e-m/nofp/libg.a(lib_a-malloc.o) (_malloc_r)
/usr/lib/gcc/arm-none-eabi/12.1.0/../../../../arm-none-eabi/lib/thumb/v7e-m/nofp/libg.a(lib_a-memset.o)
                              build/MIMXRT1062DVJ6A/fsl_os_abstraction_bm.o (memset)
/usr/lib/gcc/arm-none-eabi/12.1.0/../../../../arm-none-eabi/lib/thumb/v7e-m/nofp/libg.a(lib_a-mlock.o)
                              /usr/lib/gcc/arm-none-eabi/12.1.0/../../../../arm-none-eabi/lib/thumb/v7e-m/nofp/libg.a(lib_a-mallocr.o) (__malloc_lock)
/usr/lib/gcc/arm-none-eabi/12.1.0/../../../../arm-none-eabi/lib/thumb/v7e-m/nofp/libg.a(lib_a-sbrkr.o)
                              /usr/lib/gcc/arm-none-eabi/12.1.0/../../../../arm-none-eabi/lib/thumb/v7e-m/nofp/libg.a(lib_a-mallocr.o) (_sbrk_r)
/usr/lib/gcc/arm-none-eabi/12.1.0/../../../../arm-none-eabi/lib/thumb/v7e-m/nofp/libg.a(lib_a-strlen.o)
                              build/MIMXRT1062DVJ6A/fsl_debug_console.o (strlen)
/usr/lib/gcc/arm-none-eabi/12.1.0/../../../../arm-none-eabi/lib/thumb/v7e-m/nofp/libg.a(lib_a-vfiprintf.o)
                              /usr/lib/gcc/arm-none-eabi/12.1.0/../../../../arm-none-eabi/lib/thumb/v7e-m/nofp/libg.a(lib_a-fiprintf.o) (_vfiprintf_r)
/usr/lib/gcc/arm-none-eabi/12.1.0/../../../../arm-none-eabi/lib/thumb/v7e-m/nofp/libg.a(lib_a-wsetup.o)
                              /usr/lib/gcc/arm-none-eabi/12.1.0/../../../../arm-none-eabi/lib/thumb/v7e-m/nofp/libg.a(lib_a-vfiprintf.o) (__swsetup_r)
/usr/lib/gcc/arm-none-eabi/12.1.0/../../../../arm-none-eabi/lib/thumb/v7e-m/nofp/libg.a(lib_a-abort.o)
                              /usr/lib/gcc/arm-none-eabi/12.1.0/../../../../arm-none-eabi/lib/thumb/v7e-m/nofp/libg.a(lib_a-assert.o) (abort)
/usr/lib/gcc/arm-none-eabi/12.1.0/../../../../arm-none-eabi/lib/thumb/v7e-m/nofp/libg.a(lib_a-fflush.o)
                              /usr/lib/gcc/arm-none-eabi/12.1.0/../../../../arm-none-eabi/lib/thumb/v7e-m/nofp/libg.a(lib_a-vfiprintf.o) (_fflush_r)
/usr/lib/gcc/arm-none-eabi/12.1.0/../../../../arm-none-eabi/lib/thumb/v7e-m/nofp/libg.a(lib_a-findfp.o)
                              /usr/lib/gcc/arm-none-eabi/12.1.0/../../../../arm-none-eabi/lib/thumb/v7e-m/nofp/libg.a(lib_a-vfiprintf.o) (__sinit)
/usr/lib/gcc/arm-none-eabi/12.1.0/../../../../arm-none-eabi/lib/thumb/v7e-m/nofp/libg.a(lib_a-fputwc.o)
                              /usr/lib/gcc/arm-none-eabi/12.1.0/../../../../arm-none-eabi/lib/thumb/v7e-m/nofp/libg.a(lib_a-vfiprintf.o) (_fputwc_r)
/usr/lib/gcc/arm-none-eabi/12.1.0/../../../../arm-none-eabi/lib/thumb/v7e-m/nofp/libg.a(lib_a-freer.o)
                              /usr/lib/gcc/arm-none-eabi/12.1.0/../../../../arm-none-eabi/lib/thumb/v7e-m/nofp/libg.a(lib_a-malloc.o) (_free_r)
/usr/lib/gcc/arm-none-eabi/12.1.0/../../../../arm-none-eabi/lib/thumb/v7e-m/nofp/libg.a(lib_a-fvwrite.o)
                              /usr/lib/gcc/arm-none-eabi/12.1.0/../../../../arm-none-eabi/lib/thumb/v7e-m/nofp/libg.a(lib_a-vfiprintf.o) (__sfvwrite_r)
/usr/lib/gcc/arm-none-eabi/12.1.0/../../../../arm-none-eabi/lib/thumb/v7e-m/nofp/libg.a(lib_a-fwalk.o)
[...]
Memory Configuration

Name             Origin             Length             Attributes
ITCM             0x0000000000000000 0x0000000000080000 xrw
DTCM             0x0000000020000000 0x0000000000080000 xrw
RAM              0x0000000020200000 0x0000000000080000 xrw
FLASH            0x0000000060000000 0x00000000001f0000 xr
*default*        0x0000000000000000 0xffffffffffffffff

Linker script and memory map

LOAD build/usb_device_interface_0_cic_vcom.o
LOAD build/usb_device_composite.o
LOAD build/usb_device_descriptor.o
LOAD build/clock_config.o
LOAD build/dcd.o
LOAD build/peripherals.o
LOAD build/pin_mux.o
LOAD build/MIMXRT1062DVJ6A/fsl_common.o
LOAD build/MIMXRT1062DVJ6A/system_MIMXRT1062.o
LOAD build/MIMXRT1062DVJ6A/fsl_common_arm.o
LOAD build/MIMXRT1062DVJ6A/fsl_clock.o
LOAD build/MIMXRT1062DVJ6A/fsl_os_abstraction_bm.o
LOAD build/MIMXRT1062DVJ6A/usb_device_class.o
LOAD build/MIMXRT1062DVJ6A/usb_device_cdc_acm.o
LOAD build/MIMXRT1062DVJ6A/usb_device_ch9.o
LOAD build/MIMXRT1062DVJ6A/usb_phy.o
LOAD build/MIMXRT1062DVJ6A/fsl_flexcan.o
LOAD build/MIMXRT1062DVJ6A/fsl_gpio.o
LOAD build/MIMXRT1062DVJ6A/fsl_lpuart.o
LOAD build/MIMXRT1062DVJ6A/usb_device_dci.o
LOAD build/MIMXRT1062DVJ6A/usb_device_ehci.o
LOAD build/MIMXRT1062DVJ6A/fsl_debug_console.o
LOAD build/MIMXRT1062DVJ6A/fsl_adapter_lpuart.o
START GROUP
LOAD /usr/lib/gcc/arm-none-eabi/12.1.0/thumb/v7e-m/nofp/libgcc.a
LOAD /usr/lib/gcc/arm-none-eabi/12.1.0/../../../../arm-none-eabi/lib/thumb/v7e-m/nofp/libg.a
LOAD /usr/lib/gcc/arm-none-eabi/12.1.0/../../../../arm-none-eabi/lib/thumb/v7e-m/nofp/libc.a
END GROUP
START GROUP
LOAD /usr/lib/gcc/arm-none-eabi/12.1.0/thumb/v7e-m/nofp/libgcc.a
LOAD /usr/lib/gcc/arm-none-eabi/12.1.0/../../../../arm-none-eabi/lib/thumb/v7e-m/nofp/libc.a
LOAD /usr/lib/gcc/arm-none-eabi/12.1.0/../../../../arm-none-eabi/lib/thumb/v7e-m/nofp/libnosys.a
END GROUP
                0x0000000020080000                _estack = 0x20080000
                0x0000000000040000                _stack_size = 0x40000
                0x0000000000000200                _Min_Heap_Size = 0x200
                0x0000000000000400                _Min_Stack_Size = 0x400

.isr_vector     0x0000000060000000        0x0
                0x0000000060000000                . = ALIGN (0x4)
 *(.isr_vector)
                0x0000000060000000                . = ALIGN (0x4)

.text           0x0000000060000000     0xb85c
                0x0000000060000000                . = ALIGN (0x4)
 *(.text)
 .text          0x0000000060000000      0x230 build/usb_device_interface_0_cic_vcom.o
                0x0000000060000000                USB_DeviceInterface0CicVcomTask
                0x000000006000006c                USB_DeviceInterface0CicVcomCallback
                0x00000000600001f8                USB_DeviceInterface0CicVcomSetConfiguration
                0x0000000060000218                USB_DeviceInterface0CicVcomSetInterface
                0x000000006000021c                USB_DeviceInterface1DicVcomSetInterface
                0x0000000060000220                USB_DeviceInterface0CicVcomInit
 .text          0x0000000060000230      0x198 build/usb_device_composite.o
                0x000000006000031c                USB_OTG1_IRQHandler
                0x0000000060000330                USB_DeviceIsrEnable
                0x0000000060000344                USB_DeviceApplicationInit
                0x00000000600003c4                USB_DeviceTasks
 .text          0x00000000600003c8      0x108 build/usb_device_descriptor.o
                0x00000000600003c8                USB_DeviceGetDeviceDescriptor
                0x00000000600003d8                USB_DeviceGetConfigurationDescriptor
                0x00000000600003f0                USB_DeviceGetStringDescriptor
                0x000000006000042c                USB_DeviceSetSpeed
 .text          0x00000000600004d0      0x6d8 build/clock_config.o
                0x00000000600005b0                BOARD_BootClockRUN
                0x0000000060000ba4                BOARD_InitBootClocks
 .text          0x0000000060000ba8        0x0 build/dcd.o
 .text          0x0000000060000ba8      0x118 build/peripherals.o
                0x0000000060000ba8                BOARD_InitPeripherals
                0x0000000060000cbc                BOARD_InitBootPeripherals
 .text          0x0000000060000cc0      0x230 build/pin_mux.o
                0x0000000060000cc0                BOARD_InitPins
                0x0000000060000eec                BOARD_InitBootPins
 .text          0x0000000060000ef0       0x5a build/MIMXRT1062DVJ6A/fsl_common.o
                0x0000000060000ef0                SDK_Malloc
                0x0000000060000f32                SDK_Free
 *fill*         0x0000000060000f4a        0x2 
 .text          0x0000000060000f4c      0x210 build/MIMXRT1062DVJ6A/system_MIMXRT1062.o
                0x0000000060000f4c                SystemCoreClockUpdate
                0x000000006000108c                SystemInitHook
                0x000000006000108e                SystemInit
 .text          0x000000006000115c       0x4c build/MIMXRT1062DVJ6A/fsl_common_arm.o
                0x000000006000115c                SDK_DelayAtLeastUs
 .text          0x00000000600011a8      0xd38 build/MIMXRT1062DVJ6A/fsl_clock.o
                0x00000000600011c8                CLOCK_InitExternalClk
                0x0000000060001214                CLOCK_DeinitExternalClk
                0x0000000060001224                CLOCK_SwitchOsc
                0x000000006000123c                CLOCK_InitRcOsc24M
                0x0000000060001250                CLOCK_DeinitRcOsc24M
                0x0000000060001264                CLOCK_EnableUsbhs0Clock
                0x00000000600012b4                CLOCK_EnableUsbhs1Clock
                0x0000000060001308                CLOCK_DisableUsbhs0PhyPllClock
                0x0000000060001324                CLOCK_InitArmPll
                0x0000000060001368                CLOCK_DeinitArmPll
                0x0000000060001378                CLOCK_InitSysPll
                0x00000000600013e0                CLOCK_DeinitSysPll
                0x00000000600013f0                CLOCK_InitUsb1Pll
                0x0000000060001434                CLOCK_EnableUsbhs0PhyPllClock
                0x000000006000147c                CLOCK_DeinitUsb1Pll
                0x0000000060001488                CLOCK_InitUsb2Pll
                0x00000000600014cc                CLOCK_DeinitUsb2Pll
                0x00000000600014d8                CLOCK_InitAudioPll
                0x0000000060001578                CLOCK_DeinitAudioPll
                0x0000000060001588                CLOCK_InitVideoPll
                0x0000000060001630                CLOCK_DeinitVideoPll
                0x0000000060001640                CLOCK_InitEnetPll
                0x00000000600016b4                CLOCK_DeinitEnetPll
                0x00000000600016c4                CLOCK_GetPllFreq
                0x00000000600018ec                CLOCK_InitSysPfd
                0x000000006000191c                CLOCK_DeinitSysPfd
                0x0000000060001934                CLOCK_IsSysPfdEnabled
                0x0000000060001950                CLOCK_InitUsb1Pfd
                0x0000000060001980                CLOCK_DeinitUsb1Pfd
                0x0000000060001998                CLOCK_IsUsb1PfdEnabled
                0x00000000600019b4                CLOCK_GetSysPfdFreq
                0x0000000060001aa0                CLOCK_GetAhbFreq
                0x0000000060001abc                CLOCK_GetIpgFreq
                0x0000000060001ad8                CLOCK_GetPerClkFreq
                0x0000000060001b00                CLOCK_GetUsb1PfdFreq
                0x0000000060001b5c                CLOCK_GetSemcFreq
                0x0000000060001b94                CLOCK_GetFreq
                0x0000000060001c84                CLOCK_GetClockRootFreq
                0x0000000060001d24                CLOCK_EnableUsbhs1PhyPllClock
                0x0000000060001d58                CLOCK_DisableUsbhs1PhyPllClock
                0x0000000060001d74                CLOCK_SetClockOutput1
                0x0000000060001da4                CLOCK_SetClockOutput2
                0x0000000060001dd4                CLOCK_GetClockOutCLKO1Freq
                0x0000000060001e60                CLOCK_GetClockOutClkO2Freq
 .text          0x0000000060001ee0      0x500 build/MIMXRT1062DVJ6A/fsl_os_abstraction_bm.o
                0x0000000060001ee0                main_task
                0x0000000060001ee2                OSA_MemoryAllocate
                0x0000000060001efa                OSA_MemoryFree
                0x0000000060001efe                OSA_EnterCritical
                0x0000000060001f08                OSA_ExitCritical
                0x0000000060001f0e                OSA_EnableIRQGlobal
                0x0000000060001f2c                OSA_DisableIRQGlobal
                0x0000000060001f48                OSA_TimeInit
                0x0000000060001f4a                OSA_TimeDiff
                0x0000000060001f4e                OSA_TimeDelay
                0x0000000060001f50                OSA_TimeGetMsec
                0x0000000060001f54                OSA_SemaphoreCreate
                0x0000000060001f80                OSA_SemaphoreCreateBinary
                0x0000000060001fac                OSA_SemaphoreDestroy
                0x0000000060001fd4                OSA_SemaphoreWait
                0x0000000060002028                OSA_SemaphorePost
                0x0000000060002080                OSA_MutexCreate
                0x00000000600020a8                OSA_MutexLock
                0x00000000600020dc                OSA_MutexUnlock
                0x0000000060002114                OSA_MutexDestroy
                0x000000006000213c                OSA_EventCreate
                0x000000006000216c                OSA_EventSet
                0x000000006000218a                OSA_EventClear
                0x00000000600021ac                OSA_EventGet
                0x00000000600021d0                OSA_EventWait
                0x0000000060002224                OSA_EventDestroy
                0x0000000060002250                OSA_MsgQCreate
                0x0000000060002284                OSA_MsgQPut
                0x0000000060002300                OSA_MsgQGet
                0x0000000060002384                OSA_MsgQAvailableMsgs
                0x00000000600023a8                OSA_MsgQDestroy
                0x00000000600023d4                OSA_InterruptEnable
                0x00000000600023d8                OSA_InterruptDisable
                0x00000000600023dc                OSA_InstallIntHandler
 .text          0x00000000600023e0      0x2c0 build/MIMXRT1062DVJ6A/usb_device_class.o
                0x000000006000247c                USB_DeviceClassGetDeviceHandle
                0x00000000600024b4                USB_DeviceClassEvent
                0x0000000060002510                USB_DeviceClassCallback
                0x000000006000254e                USB_DeviceClassInit
                0x0000000060002618                USB_DeviceClassDeinit
                0x000000006000267e                USB_DeviceClassGetSpeed
 .text          0x00000000600026a0      0x728 build/MIMXRT1062DVJ6A/usb_device_cdc_acm.o
                0x000000006000292a                USB_DeviceCdcAcmEvent
                0x0000000060002cb6                USB_DeviceCdcAcmInit
                0x0000000060002d0c                USB_DeviceCdcAcmDeinit
                0x0000000060002d3e                USB_DeviceCdcAcmSend
                0x0000000060002d8c                USB_DeviceCdcAcmRecv
 .text          0x0000000060002dc8      0x6e4 build/MIMXRT1062DVJ6A/usb_device_ch9.o
                0x0000000060003462                USB_DeviceControlPipeInit
 .text          0x00000000600034ac      0x188 build/MIMXRT1062DVJ6A/usb_phy.o
                0x00000000600034ac                USB_EhciPhyGetBase
                0x000000006000351c                USB_EhciPhyInit
                0x00000000600035a2                USB_EhciLowPowerPhyInit
                0x0000000060003604                USB_EhciPhyDeinit
                0x0000000060003616                USB_EhcihostPhyDisconnectDetectCmd
 .text          0x0000000060003634     0x1eac build/MIMXRT1062DVJ6A/fsl_flexcan.o
                0x0000000060003914                FLEXCAN_GetInstance
                0x0000000060003958                FLEXCAN_EnterFreezeMode
                0x00000000600039ce                FLEXCAN_ExitFreezeMode
                0x00000000600039e6                FLEXCAN_Deinit
                0x0000000060003a24                FLEXCAN_GetDefaultConfig
                0x0000000060003a7c                FLEXCAN_SetTimingConfig
                0x0000000060003b3c                FLEXCAN_Init
                0x0000000060003d50                FLEXCAN_SetFDTimingConfig
                0x0000000060003dcc                FLEXCAN_FDInit
                0x0000000060003f24                FLEXCAN_SetRxMbGlobalMask
                0x0000000060003f3a                FLEXCAN_SetRxFifoGlobalMask
                0x0000000060003f4c                FLEXCAN_SetRxIndividualMask
                0x0000000060003f8c                FLEXCAN_SetTxMbConfig
                0x0000000060003ff4                FLEXCAN_CalculateImprovedTimingValues
                0x0000000060004140                FLEXCAN_FDCalculateImprovedTimingValues
                0x00000000600042d4                FLEXCAN_SetFDTxMbConfig
                0x0000000060004384                FLEXCAN_SetRxMbConfig
                0x0000000060004414                FLEXCAN_SetFDRxMbConfig
                0x00000000600044d0                FLEXCAN_SetRxFifoConfig
                0x0000000060004638                FLEXCAN_EnableRxFifoDMA
                0x000000006000465e                FLEXCAN_WriteTxMb
                0x0000000060004758                FLEXCAN_WriteFDTxMb
                0x0000000060004878                FLEXCAN_ReadRxMb
                0x000000006000491c                FLEXCAN_ReadFDRxMb
                0x00000000600049f8                FLEXCAN_ReadRxFifo
                0x0000000060004a5c                FLEXCAN_TransferSendBlocking
                0x0000000060004a9e                FLEXCAN_TransferReceiveBlocking
                0x0000000060004acc                FLEXCAN_TransferFDSendBlocking
                0x0000000060004b1e                FLEXCAN_TransferFDReceiveBlocking
                0x0000000060004b4c                FLEXCAN_TransferReceiveFifoBlocking
                0x0000000060004b68                FLEXCAN_TransferCreateHandle
                0x0000000060004c5c                FLEXCAN_TransferSendNonBlocking
                0x0000000060004d18                FLEXCAN_TransferReceiveNonBlocking
                0x0000000060004dbc                FLEXCAN_TransferFDSendNonBlocking
                0x0000000060004e78                FLEXCAN_TransferFDReceiveNonBlocking
                0x0000000060004f1c                FLEXCAN_TransferReceiveFifoNonBlocking
                0x0000000060004f78                FLEXCAN_TransferAbortSend
                0x0000000060005014                FLEXCAN_TransferFDAbortSend
                0x00000000600050c0                FLEXCAN_TransferFDAbortReceive
                0x0000000060005148                FLEXCAN_TransferAbortReceive
                0x00000000600051cc                FLEXCAN_TransferAbortReceiveFifo
                0x000000006000520c                FLEXCAN_TransferHandleIRQ
                0x0000000060005410                FLEXCAN_GetTimeStamp
                0x0000000060005438                CAN1_DriverIRQHandler
                0x0000000060005470                CAN2_DriverIRQHandler
                0x00000000600054a8                CAN3_DriverIRQHandler
 .text          0x00000000600054e0      0x174 build/MIMXRT1062DVJ6A/fsl_gpio.o
                0x00000000600054e0                GPIO_PinWrite
                0x0000000060005514                GPIO_PinSetInterruptConfig
                0x000000006000558e                GPIO_PinInit
 .text          0x0000000060005654      0xe88 build/MIMXRT1062DVJ6A/fsl_lpuart.o
                0x00000000600056f0                LPUART_GetInstance
                0x0000000060005724                LPUART_TransferGetRxRingBufferLength
                0x0000000060005784                LPUART_Init
                0x0000000060005970                LPUART_Deinit
                0x00000000600059ac                LPUART_GetDefaultConfig
                0x00000000600059e0                LPUART_SetBaudRate
                0x0000000060005aa0                LPUART_Enable9bitMode
                0x0000000060005ae4                LPUART_SendAddress
                0x0000000060005b18                LPUART_EnableInterrupts
                0x0000000060005b4a                LPUART_DisableInterrupts
                0x0000000060005b82                LPUART_GetEnabledInterrupts
                0x0000000060005bb0                LPUART_GetStatusFlags
                0x0000000060005bc8                LPUART_TransferHandleIRQ
                0x0000000060005e9a                LPUART_ClearStatusFlags
                0x0000000060005ed4                LPUART_WriteBlocking
                0x0000000060005f10                LPUART_ReadBlocking
                0x0000000060005ff8                LPUART_TransferCreateHandle
                0x0000000060006098                LPUART_TransferStartRingBuffer
                0x00000000600060e4                LPUART_TransferStopRingBuffer
                0x0000000060006128                LPUART_TransferSendNonBlocking
                0x00000000600061ac                LPUART_TransferAbortSend
                0x00000000600061e8                LPUART_TransferGetSendCount
                0x0000000060006234                LPUART_TransferReceiveNonBlocking
                0x0000000060006374                LPUART_TransferAbortReceive
                0x00000000600063b4                LPUART_TransferGetReceiveCount
                0x00000000600063fc                LPUART_TransferHandleErrorIRQ
                0x00000000600063fe                LPUART1_DriverIRQHandler
                0x0000000060006418                LPUART2_DriverIRQHandler
                0x0000000060006434                LPUART3_DriverIRQHandler
                0x0000000060006450                LPUART4_DriverIRQHandler
                0x000000006000646c                LPUART5_DriverIRQHandler
                0x0000000060006488                LPUART6_DriverIRQHandler
                0x00000000600064a4                LPUART7_DriverIRQHandler
                0x00000000600064c0                LPUART8_DriverIRQHandler
 .text          0x00000000600064dc      0x3d4 build/MIMXRT1062DVJ6A/usb_device_dci.o
                0x0000000060006576                USB_DeviceNotificationTrigger
                0x000000006000661c                USB_DeviceRun
                0x0000000060006622                USB_DeviceStop
                0x0000000060006628                USB_DeviceDeinit
                0x000000006000665c                USB_DeviceInit
                0x0000000060006720                USB_DeviceSendRequest
                0x000000006000672a                USB_DeviceRecvRequest
                0x0000000060006730                USB_DeviceCancel
                0x0000000060006744                USB_DeviceInitEndpoint
                0x0000000060006780                USB_DeviceDeinitEndpoint
                0x00000000600067be                USB_DeviceStallEndpoint
                0x00000000600067e0                USB_DeviceUnstallEndpoint
                0x0000000060006802                USB_DeviceGetStatus
                0x0000000060006842                USB_DeviceSetStatus
                0x00000000600068a2                USB_DeviceGetVersion
 .text          0x00000000600068b0      0xc10 build/MIMXRT1062DVJ6A/usb_device_ehci.o
                0x0000000060006c48                USB_DeviceEhciInit
                0x0000000060006cec                USB_DeviceEhciDeinit
                0x0000000060006d28                USB_DeviceEhciSend
                0x0000000060006d32                USB_DeviceEhciRecv
                0x0000000060006d38                USB_DeviceEhciCancel
                0x0000000060006ee2                USB_DeviceEhciControl
                0x00000000600071c0                USB_DeviceEhciIsrFunction
 .text          0x00000000600074c0      0x65c build/MIMXRT1062DVJ6A/fsl_debug_console.o
                0x0000000060007520                DbgConsole_Init
                0x0000000060007568                DbgConsole_Deinit
                0x0000000060007584                DbgConsole_Putchar
                0x00000000600075a8                DbgConsole_Vprintf
                0x00000000600077b4                DbgConsole_Printf
                0x00000000600077ce                DbgConsole_Getchar
                0x00000000600077f8                DbgConsole_Scanf
 .text          0x0000000060007b1c      0x1dc build/MIMXRT1062DVJ6A/fsl_adapter_lpuart.o
                0x0000000060007b1c                HAL_UartInit
                0x0000000060007bec                HAL_UartDeinit
                0x0000000060007c20                HAL_UartReceiveBlocking
                0x0000000060007c7c                HAL_UartSendBlocking
                0x0000000060007cd0                HAL_UartEnterLowpower
                0x0000000060007cf4                HAL_UartExitLowpower
 .text          0x0000000060007cf8       0xa0 /usr/lib/gcc/arm-none-eabi/12.1.0/thumb/v7e-m/nofp/libgcc.a(_aeabi_ldivmod.o)
                0x0000000060007cf8                __aeabi_ldivmod
 .text          0x0000000060007d98       0x30 /usr/lib/gcc/arm-none-eabi/12.1.0/thumb/v7e-m/nofp/libgcc.a(_aeabi_uldivmod.o)
                0x0000000060007d98                __aeabi_uldivmod
 .text          0x0000000060007dc8        0x0 /usr/lib/gcc/arm-none-eabi/12.1.0/thumb/v7e-m/nofp/libgcc.a(_udivmoddi4.o)
 .text          0x0000000060007dc8        0x4 /usr/lib/gcc/arm-none-eabi/12.1.0/thumb/v7e-m/nofp/libgcc.a(_dvmd_tls.o)
                0x0000000060007dc8                __aeabi_ldiv0
                0x0000000060007dc8                __aeabi_idiv0
 .text          0x0000000060007dcc        0x0 /usr/lib/gcc/arm-none-eabi/12.1.0/../../../../arm-none-eabi/lib/thumb/v7e-m/nofp/libg.a(lib_a-assert.o)
 .text          0x0000000060007dcc        0x0 /usr/lib/gcc/arm-none-eabi/12.1.0/../../../../arm-none-eabi/lib/thumb/v7e-m/nofp/libg.a(lib_a-fiprintf.o)
 .text          0x0000000060007dcc        0x0 /usr/lib/gcc/arm-none-eabi/12.1.0/../../../../arm-none-eabi/lib/thumb/v7e-m/nofp/libg.a(lib_a-impure.o)
 .text          0x0000000060007dcc        0x0 /usr/lib/gcc/arm-none-eabi/12.1.0/../../../../arm-none-eabi/lib/thumb/v7e-m/nofp/libg.a(lib_a-malloc.o)
 .text          0x0000000060007dcc        0x0 /usr/lib/gcc/arm-none-eabi/12.1.0/../../../../arm-none-eabi/lib/thumb/v7e-m/nofp/libg.a(lib_a-mallocr.o)
 .text          0x0000000060007dcc        0x0 /usr/lib/gcc/arm-none-eabi/12.1.0/../../../../arm-none-eabi/lib/thumb/v7e-m/nofp/libg.a(lib_a-memset.o)
 .text          0x0000000060007dcc        0x0 /usr/lib/gcc/arm-none-eabi/12.1.0/../../../../arm-none-eabi/lib/thumb/v7e-m/nofp/libg.a(lib_a-mlock.o)
 .text          0x0000000060007dcc        0x0 /usr/lib/gcc/arm-none-eabi/12.1.0/../../../../arm-none-eabi/lib/thumb/v7e-m/nofp/libg.a(lib_a-sbrkr.o)
 *fill*         0x0000000060007dcc       0x34 
 .text          0x0000000060007e00       0xdc /usr/lib/gcc/arm-none-eabi/12.1.0/../../../../arm-none-eabi/lib/thumb/v7e-m/nofp/libg.a(lib_a-strlen.o)
                0x0000000060007e00                strlen
 .text          0x0000000060007edc        0x0 /usr/lib/gcc/arm-none-eabi/12.1.0/../../../../arm-none-eabi/lib/thumb/v7e-m/nofp/libg.a(lib_a-vfiprintf.o)
 .text          0x0000000060007edc        0x0 /usr/lib/gcc/arm-none-eabi/12.1.0/../../../../arm-none-eabi/lib/thumb/v7e-m/nofp/libg.a(lib_a-wsetup.o)
 .text          0x0000000060007edc        0x0 /usr/lib/gcc/arm-none-eabi/12.1.0/../../../../arm-none-eabi/lib/thumb/v7e-m/nofp/libg.a(lib_a-abort.o)
 .text          0x0000000060007edc        0x0 /usr/lib/gcc/arm-none-eabi/12.1.0/../../../../arm-none-eabi/lib/thumb/v7e-m/nofp/libg.a(lib_a-fflush.o)
 .text          0x0000000060007edc        0x0 /usr/lib/gcc/arm-none-eabi/12.1.0/../../../../arm-none-eabi/lib/thumb/v7e-m/nofp/libg.a(lib_a-findfp.o)
 .text          0x0000000060007edc        0x0 /usr/lib/gcc/arm-none-eabi/12.1.0/../../../../arm-none-eabi/lib/thumb/v7e-m/nofp/libg.a(lib_a-fputwc.o)
 .text          0x0000000060007edc        0x0 /usr/lib/gcc/arm-none-eabi/12.1.0/../../../../arm-none-eabi/lib/thumb/v7e-m/nofp/libg.a(lib_a-freer.o)
 .text          0x0000000060007edc        0x0 /usr/lib/gcc/arm-none-eabi/12.1.0/../../../../arm-none-eabi/lib/thumb/v7e-m/nofp/libg.a(lib_a-fvwrite.o)
 .text          0x0000000060007edc        0x0 /usr/lib/gcc/arm-none-eabi/12.1.0/../../../../arm-none-eabi/lib/thumb/v7e-m/nofp/libg.a(lib_a-fwalk.o)
 .text          0x0000000060007edc        0x0 /usr/lib/gcc/arm-none-eabi/12.1.0/../../../../arm-none-eabi/lib/thumb/v7e-m/nofp/libg.a(lib_a-localeconv.o)
 .text          0x0000000060007edc        0x0 /usr/lib/gcc/arm-none-eabi/12.1.0/../../../../arm-none-eabi/lib/thumb/v7e-m/nofp/libg.a(lib_a-locale.o)
 .text          0x0000000060007edc        0x0 /usr/lib/gcc/arm-none-eabi/12.1.0/../../../../arm-none-eabi/lib/thumb/v7e-m/nofp/libg.a(lib_a-lock.o)
 .text          0x0000000060007edc        0x0 /usr/lib/gcc/arm-none-eabi/12.1.0/../../../../arm-none-eabi/lib/thumb/v7e-m/nofp/libg.a(lib_a-makebuf.o)
 .text          0x0000000060007edc        0x0 /usr/lib/gcc/arm-none-eabi/12.1.0/../../../../arm-none-eabi/lib/thumb/v7e-m/nofp/libg.a(lib_a-mbtowc_r.o)
 *fill*         0x0000000060007edc        0x4 
 .text          0x0000000060007ee0       0xa0 /usr/lib/gcc/arm-none-eabi/12.1.0/../../../../arm-none-eabi/lib/thumb/v7e-m/nofp/libg.a(lib_a-memchr.o)
                0x0000000060007ee0                memchr
 .text          0x0000000060007f80      0x134 /usr/lib/gcc/arm-none-eabi/12.1.0/../../../../arm-none-eabi/lib/thumb/v7e-m/nofp/libg.a(lib_a-memcpy.o)
                0x0000000060007f80                memcpy
 .text          0x00000000600080b4        0x0 /usr/lib/gcc/arm-none-eabi/12.1.0/../../../../arm-none-eabi/lib/thumb/v7e-m/nofp/libg.a(lib_a-memmove.o)
 .text          0x00000000600080b4        0x0 /usr/lib/gcc/arm-none-eabi/12.1.0/../../../../arm-none-eabi/lib/thumb/v7e-m/nofp/libg.a(lib_a-reallocr.o)
 .text          0x00000000600080b4        0x0 /usr/lib/gcc/arm-none-eabi/12.1.0/../../../../arm-none-eabi/lib/thumb/v7e-m/nofp/libg.a(lib_a-reent.o)
 .text          0x00000000600080b4        0x0 /usr/lib/gcc/arm-none-eabi/12.1.0/../../../../arm-none-eabi/lib/thumb/v7e-m/nofp/libg.a(lib_a-signal.o)
 .text          0x00000000600080b4        0x0 /usr/lib/gcc/arm-none-eabi/12.1.0/../../../../arm-none-eabi/lib/thumb/v7e-m/nofp/libg.a(lib_a-signalr.o)
 .text          0x00000000600080b4        0x0 /usr/lib/gcc/arm-none-eabi/12.1.0/../../../../arm-none-eabi/lib/thumb/v7e-m/nofp/libg.a(lib_a-stdio.o)
 *fill*         0x00000000600080b4        0xc 
 .text          0x00000000600080c0      0x2dc /usr/lib/gcc/arm-none-eabi/12.1.0/../../../../arm-none-eabi/lib/thumb/v7e-m/nofp/libg.a(lib_a-strcmp.o)
                0x00000000600080c8                strcmp
 .text          0x000000006000839c        0x0 /usr/lib/gcc/arm-none-eabi/12.1.0/../../../../arm-none-eabi/lib/thumb/v7e-m/nofp/libg.a(lib_a-strncpy.o)
 .text          0x000000006000839c        0x0 /usr/lib/gcc/arm-none-eabi/12.1.0/../../../../arm-none-eabi/lib/thumb/v7e-m/nofp/libg.a(lib_a-wbuf.o)
 .text          0x000000006000839c        0x0 /usr/lib/gcc/arm-none-eabi/12.1.0/../../../../arm-none-eabi/lib/thumb/v7e-m/nofp/libg.a(lib_a-wcrtomb.o)
 .text          0x000000006000839c        0x0 /usr/lib/gcc/arm-none-eabi/12.1.0/../../../../arm-none-eabi/lib/thumb/v7e-m/nofp/libg.a(lib_a-wctomb_r.o)
 .text          0x000000006000839c        0x0 /usr/lib/gcc/arm-none-eabi/12.1.0/../../../../arm-none-eabi/lib/thumb/v7e-m/nofp/libg.a(lib_a-writer.o)
 .text          0x000000006000839c        0x0 /usr/lib/gcc/arm-none-eabi/12.1.0/../../../../arm-none-eabi/lib/thumb/v7e-m/nofp/libg.a(lib_a-closer.o)
 .text          0x000000006000839c        0x0 /usr/lib/gcc/arm-none-eabi/12.1.0/../../../../arm-none-eabi/lib/thumb/v7e-m/nofp/libg.a(lib_a-ctype_.o)
 .text          0x000000006000839c        0x0 /usr/lib/gcc/arm-none-eabi/12.1.0/../../../../arm-none-eabi/lib/thumb/v7e-m/nofp/libg.a(lib_a-fclose.o)
 .text          0x000000006000839c        0x0 /usr/lib/gcc/arm-none-eabi/12.1.0/../../../../arm-none-eabi/lib/thumb/v7e-m/nofp/libg.a(lib_a-fstatr.o)
 .text          0x000000006000839c        0x0 /usr/lib/gcc/arm-none-eabi/12.1.0/../../../../arm-none-eabi/lib/thumb/v7e-m/nofp/libg.a(lib_a-isattyr.o)
 .text          0x000000006000839c        0x0 /usr/lib/gcc/arm-none-eabi/12.1.0/../../../../arm-none-eabi/lib/thumb/v7e-m/nofp/libg.a(lib_a-lseekr.o)
 .text          0x000000006000839c        0x0 /usr/lib/gcc/arm-none-eabi/12.1.0/../../../../arm-none-eabi/lib/thumb/v7e-m/nofp/libg.a(lib_a-readr.o)
 .text          0x000000006000839c        0x0 /usr/lib/gcc/arm-none-eabi/12.1.0/../../../../arm-none-eabi/lib/thumb/v7e-m/nofp/libnosys.a(close.o)
 .text          0x000000006000839c        0x0 /usr/lib/gcc/arm-none-eabi/12.1.0/../../../../arm-none-eabi/lib/thumb/v7e-m/nofp/libnosys.a(fstat.o)
 .text          0x000000006000839c        0x0 /usr/lib/gcc/arm-none-eabi/12.1.0/../../../../arm-none-eabi/lib/thumb/v7e-m/nofp/libnosys.a(getpid.o)
 .text          0x000000006000839c        0x0 /usr/lib/gcc/arm-none-eabi/12.1.0/../../../../arm-none-eabi/lib/thumb/v7e-m/nofp/libnosys.a(isatty.o)
 .text          0x000000006000839c        0x0 /usr/lib/gcc/arm-none-eabi/12.1.0/../../../../arm-none-eabi/lib/thumb/v7e-m/nofp/libnosys.a(kill.o)
 .text          0x000000006000839c        0x0 /usr/lib/gcc/arm-none-eabi/12.1.0/../../../../arm-none-eabi/lib/thumb/v7e-m/nofp/libnosys.a(lseek.o)
 .text          0x000000006000839c        0x0 /usr/lib/gcc/arm-none-eabi/12.1.0/../../../../arm-none-eabi/lib/thumb/v7e-m/nofp/libnosys.a(read.o)
 .text          0x000000006000839c        0x0 /usr/lib/gcc/arm-none-eabi/12.1.0/../../../../arm-none-eabi/lib/thumb/v7e-m/nofp/libnosys.a(sbrk.o)
 .text          0x000000006000839c        0x0 /usr/lib/gcc/arm-none-eabi/12.1.0/../../../../arm-none-eabi/lib/thumb/v7e-m/nofp/libnosys.a(write.o)
 .text          0x000000006000839c        0x0 /usr/lib/gcc/arm-none-eabi/12.1.0/../../../../arm-none-eabi/lib/thumb/v7e-m/nofp/libnosys.a(_exit.o)
 *(.text*)
 .text.__udivmoddi4
                0x000000006000839c      0x2a0 /usr/lib/gcc/arm-none-eabi/12.1.0/thumb/v7e-m/nofp/libgcc.a(_udivmoddi4.o)
                0x000000006000839c                __udivmoddi4
 .text.__assert_func
                0x000000006000863c       0x40 /usr/lib/gcc/arm-none-eabi/12.1.0/../../../../arm-none-eabi/lib/thumb/v7e-m/nofp/libg.a(lib_a-assert.o)
                0x000000006000863c                __assert_func
 .text.__assert
                0x000000006000867c        0xc /usr/lib/gcc/arm-none-eabi/12.1.0/../../../../arm-none-eabi/lib/thumb/v7e-m/nofp/libg.a(lib_a-assert.o)
                0x000000006000867c                __assert
 .text._fiprintf_r
                0x0000000060008688       0x1c /usr/lib/gcc/arm-none-eabi/12.1.0/../../../../arm-none-eabi/lib/thumb/v7e-m/nofp/libg.a(lib_a-fiprintf.o)
                0x0000000060008688                _fiprintf_r
 .text.fiprintf
                0x00000000600086a4       0x28 /usr/lib/gcc/arm-none-eabi/12.1.0/../../../../arm-none-eabi/lib/thumb/v7e-m/nofp/libg.a(lib_a-fiprintf.o)
                0x00000000600086a4                fiprintf
 .text.malloc   0x00000000600086cc       0x10 /usr/lib/gcc/arm-none-eabi/12.1.0/../../../../arm-none-eabi/lib/thumb/v7e-m/nofp/libg.a(lib_a-malloc.o)
                0x00000000600086cc                malloc
 .text.free     0x00000000600086dc       0x10 /usr/lib/gcc/arm-none-eabi/12.1.0/../../../../arm-none-eabi/lib/thumb/v7e-m/nofp/libg.a(lib_a-malloc.o)
                0x00000000600086dc                free
 .text._malloc_r
                0x00000000600086ec      0x560 /usr/lib/gcc/arm-none-eabi/12.1.0/../../../../arm-none-eabi/lib/thumb/v7e-m/nofp/libg.a(lib_a-mallocr.o)
                0x00000000600086ec                _malloc_r
 .text.memset   0x0000000060008c4c       0xa4 /usr/lib/gcc/arm-none-eabi/12.1.0/../../../../arm-none-eabi/lib/thumb/v7e-m/nofp/libg.a(lib_a-memset.o)
                0x0000000060008c4c                memset
 .text.__malloc_lock
                0x0000000060008cf0        0xc /usr/lib/gcc/arm-none-eabi/12.1.0/../../../../arm-none-eabi/lib/thumb/v7e-m/nofp/libg.a(lib_a-mlock.o)
                0x0000000060008cf0                __malloc_lock
 .text.__malloc_unlock
                0x0000000060008cfc        0xc /usr/lib/gcc/arm-none-eabi/12.1.0/../../../../arm-none-eabi/lib/thumb/v7e-m/nofp/libg.a(lib_a-mlock.o)
                0x0000000060008cfc                __malloc_unlock
 .text._sbrk_r  0x0000000060008d08       0x24 /usr/lib/gcc/arm-none-eabi/12.1.0/../../../../arm-none-eabi/lib/thumb/v7e-m/nofp/libg.a(lib_a-sbrkr.o)
                0x0000000060008d08                _sbrk_r
 .text.__sprint_r.part.0
                0x0000000060008d2c       0x78 /usr/lib/gcc/arm-none-eabi/12.1.0/../../../../arm-none-eabi/lib/thumb/v7e-m/nofp/libg.a(lib_a-vfiprintf.o)
 .text.__sprint_r
                0x0000000060008da4       0x14 /usr/lib/gcc/arm-none-eabi/12.1.0/../../../../arm-none-eabi/lib/thumb/v7e-m/nofp/libg.a(lib_a-vfiprintf.o)
                0x0000000060008da4                __sprint_r
 .text._vfiprintf_r
                0x0000000060008db8      0xd20 /usr/lib/gcc/arm-none-eabi/12.1.0/../../../../arm-none-eabi/lib/thumb/v7e-m/nofp/libg.a(lib_a-vfiprintf.o)
                0x0000000060008db8                _vfiprintf_r
 .text.vfiprintf
                0x0000000060009ad8       0x18 /usr/lib/gcc/arm-none-eabi/12.1.0/../../../../arm-none-eabi/lib/thumb/v7e-m/nofp/libg.a(lib_a-vfiprintf.o)
                0x0000000060009ad8                vfiprintf
 .text.__sbprintf
                0x0000000060009af0       0x80 /usr/lib/gcc/arm-none-eabi/12.1.0/../../../../arm-none-eabi/lib/thumb/v7e-m/nofp/libg.a(lib_a-vfiprintf.o)
 .text.__swsetup_r
                0x0000000060009b70       0xd4 /usr/lib/gcc/arm-none-eabi/12.1.0/../../../../arm-none-eabi/lib/thumb/v7e-m/nofp/libg.a(lib_a-wsetup.o)
                0x0000000060009b70                __swsetup_r
 .text.abort    0x0000000060009c44       0x10 /usr/lib/gcc/arm-none-eabi/12.1.0/../../../../arm-none-eabi/lib/thumb/v7e-m/nofp/libg.a(lib_a-abort.o)
                0x0000000060009c44                abort
 .text.__sflush_r
                0x0000000060009c54      0x134 /usr/lib/gcc/arm-none-eabi/12.1.0/../../../../arm-none-eabi/lib/thumb/v7e-m/nofp/libg.a(lib_a-fflush.o)
                0x0000000060009c54                __sflush_r
 .text._fflush_r
                0x0000000060009d88       0x5c /usr/lib/gcc/arm-none-eabi/12.1.0/../../../../arm-none-eabi/lib/thumb/v7e-m/nofp/libg.a(lib_a-fflush.o)
                0x0000000060009d88                _fflush_r
 .text.fflush   0x0000000060009de4       0x74 /usr/lib/gcc/arm-none-eabi/12.1.0/../../../../arm-none-eabi/lib/thumb/v7e-m/nofp/libg.a(lib_a-fflush.o)
                0x0000000060009de4                fflush
 .text._cleanup_r
                0x0000000060009e58        0xc /usr/lib/gcc/arm-none-eabi/12.1.0/../../../../arm-none-eabi/lib/thumb/v7e-m/nofp/libg.a(lib_a-findfp.o)
                0x0000000060009e58                _cleanup_r
 .text.__fp_lock
                0x0000000060009e64       0x1c /usr/lib/gcc/arm-none-eabi/12.1.0/../../../../arm-none-eabi/lib/thumb/v7e-m/nofp/libg.a(lib_a-findfp.o)
 .text.__fp_unlock
                0x0000000060009e80       0x1c /usr/lib/gcc/arm-none-eabi/12.1.0/../../../../arm-none-eabi/lib/thumb/v7e-m/nofp/libg.a(lib_a-findfp.o)
 .text.__sfmoreglue
                0x0000000060009e9c       0x30 /usr/lib/gcc/arm-none-eabi/12.1.0/../../../../arm-none-eabi/lib/thumb/v7e-m/nofp/libg.a(lib_a-findfp.o)
                0x0000000060009e9c                __sfmoreglue
 .text._cleanup
                0x0000000060009ecc       0x14 /usr/lib/gcc/arm-none-eabi/12.1.0/../../../../arm-none-eabi/lib/thumb/v7e-m/nofp/libg.a(lib_a-findfp.o)
                0x0000000060009ecc                _cleanup
 .text.__sinit  0x0000000060009ee0      0x10c /usr/lib/gcc/arm-none-eabi/12.1.0/../../../../arm-none-eabi/lib/thumb/v7e-m/nofp/libg.a(lib_a-findfp.o)
                0x0000000060009ee0                __sinit
 .text.__sfp    0x0000000060009fec       0xc8 /usr/lib/gcc/arm-none-eabi/12.1.0/../../../../arm-none-eabi/lib/thumb/v7e-m/nofp/libg.a(lib_a-findfp.o)
                0x0000000060009fec                __sfp
 .text.__sfp_lock_acquire
                0x000000006000a0b4        0xc /usr/lib/gcc/arm-none-eabi/12.1.0/../../../../arm-none-eabi/lib/thumb/v7e-m/nofp/libg.a(lib_a-findfp.o)
                0x000000006000a0b4                __sfp_lock_acquire
 .text.__sfp_lock_release
                0x000000006000a0c0        0xc /usr/lib/gcc/arm-none-eabi/12.1.0/../../../../arm-none-eabi/lib/thumb/v7e-m/nofp/libg.a(lib_a-findfp.o)
                0x000000006000a0c0                __sfp_lock_release
 .text.__sinit_lock_acquire
                0x000000006000a0cc        0xc /usr/lib/gcc/arm-none-eabi/12.1.0/../../../../arm-none-eabi/lib/thumb/v7e-m/nofp/libg.a(lib_a-findfp.o)
                0x000000006000a0cc                __sinit_lock_acquire
 .text.__sinit_lock_release
                0x000000006000a0d8        0xc /usr/lib/gcc/arm-none-eabi/12.1.0/../../../../arm-none-eabi/lib/thumb/v7e-m/nofp/libg.a(lib_a-findfp.o)
                0x000000006000a0d8                __sinit_lock_release
 .text.__fp_lock_all
                0x000000006000a0e4       0x24 /usr/lib/gcc/arm-none-eabi/12.1.0/../../../../arm-none-eabi/lib/thumb/v7e-m/nofp/libg.a(lib_a-findfp.o)
                0x000000006000a0e4                __fp_lock_all
 .text.__fp_unlock_all
                0x000000006000a108       0x24 /usr/lib/gcc/arm-none-eabi/12.1.0/../../../../arm-none-eabi/lib/thumb/v7e-m/nofp/libg.a(lib_a-findfp.o)
                0x000000006000a108                __fp_unlock_all
 .text.__fputwc
                0x000000006000a12c       0xa8 /usr/lib/gcc/arm-none-eabi/12.1.0/../../../../arm-none-eabi/lib/thumb/v7e-m/nofp/libg.a(lib_a-fputwc.o)
                0x000000006000a12c                __fputwc
 .text._fputwc_r
                0x000000006000a1d4       0x64 /usr/lib/gcc/arm-none-eabi/12.1.0/../../../../arm-none-eabi/lib/thumb/v7e-m/nofp/libg.a(lib_a-fputwc.o)
                0x000000006000a1d4                _fputwc_r
 .text.fputwc   0x000000006000a238       0x74 /usr/lib/gcc/arm-none-eabi/12.1.0/../../../../arm-none-eabi/lib/thumb/v7e-m/nofp/libg.a(lib_a-fputwc.o)
                0x000000006000a238                fputwc
 .text._malloc_trim_r
                0x000000006000a2ac       0xa0 /usr/lib/gcc/arm-none-eabi/12.1.0/../../../../arm-none-eabi/lib/thumb/v7e-m/nofp/libg.a(lib_a-freer.o)
                0x000000006000a2ac                _malloc_trim_r
 .text._free_r  0x000000006000a34c      0x1f8 /usr/lib/gcc/arm-none-eabi/12.1.0/../../../../arm-none-eabi/lib/thumb/v7e-m/nofp/libg.a(lib_a-freer.o)
                0x000000006000a34c                _free_r
 .text.__sfvwrite_r
                0x000000006000a544      0x308 /usr/lib/gcc/arm-none-eabi/12.1.0/../../../../arm-none-eabi/lib/thumb/v7e-m/nofp/libg.a(lib_a-fvwrite.o)
                0x000000006000a544                __sfvwrite_r
 .text._fwalk   0x000000006000a84c       0x40 /usr/lib/gcc/arm-none-eabi/12.1.0/../../../../arm-none-eabi/lib/thumb/v7e-m/nofp/libg.a(lib_a-fwalk.o)
                0x000000006000a84c                _fwalk
 .text._fwalk_reent
                0x000000006000a88c       0x48 /usr/lib/gcc/arm-none-eabi/12.1.0/../../../../arm-none-eabi/lib/thumb/v7e-m/nofp/libg.a(lib_a-fwalk.o)
                0x000000006000a88c                _fwalk_reent
 .text.__localeconv_l
                0x000000006000a8d4        0x4 /usr/lib/gcc/arm-none-eabi/12.1.0/../../../../arm-none-eabi/lib/thumb/v7e-m/nofp/libg.a(lib_a-localeconv.o)
                0x000000006000a8d4                __localeconv_l
 .text._localeconv_r
                0x000000006000a8d8        0x8 /usr/lib/gcc/arm-none-eabi/12.1.0/../../../../arm-none-eabi/lib/thumb/v7e-m/nofp/libg.a(lib_a-localeconv.o)
                0x000000006000a8d8                _localeconv_r
 .text.localeconv
                0x000000006000a8e0        0x8 /usr/lib/gcc/arm-none-eabi/12.1.0/../../../../arm-none-eabi/lib/thumb/v7e-m/nofp/libg.a(lib_a-localeconv.o)
                0x000000006000a8e0                localeconv
 .text._setlocale_r
                0x000000006000a8e8       0x40 /usr/lib/gcc/arm-none-eabi/12.1.0/../../../../arm-none-eabi/lib/thumb/v7e-m/nofp/libg.a(lib_a-locale.o)
                0x000000006000a8e8                _setlocale_r
 .text.__locale_mb_cur_max
                0x000000006000a928        0xc /usr/lib/gcc/arm-none-eabi/12.1.0/../../../../arm-none-eabi/lib/thumb/v7e-m/nofp/libg.a(lib_a-locale.o)
                0x000000006000a928                __locale_mb_cur_max
 .text.setlocale
                0x000000006000a934       0x40 /usr/lib/gcc/arm-none-eabi/12.1.0/../../../../arm-none-eabi/lib/thumb/v7e-m/nofp/libg.a(lib_a-locale.o)
                0x000000006000a934                setlocale
 .text.__retarget_lock_init
                0x000000006000a974        0x4 /usr/lib/gcc/arm-none-eabi/12.1.0/../../../../arm-none-eabi/lib/thumb/v7e-m/nofp/libg.a(lib_a-lock.o)
                0x000000006000a974                __retarget_lock_init
 .text.__retarget_lock_init_recursive
                0x000000006000a978        0x4 /usr/lib/gcc/arm-none-eabi/12.1.0/../../../../arm-none-eabi/lib/thumb/v7e-m/nofp/libg.a(lib_a-lock.o)
                0x000000006000a978                __retarget_lock_init_recursive
 .text.__retarget_lock_close
                0x000000006000a97c        0x4 /usr/lib/gcc/arm-none-eabi/12.1.0/../../../../arm-none-eabi/lib/thumb/v7e-m/nofp/libg.a(lib_a-lock.o)
                0x000000006000a97c                __retarget_lock_close
 .text.__retarget_lock_close_recursive
                0x000000006000a980        0x4 /usr/lib/gcc/arm-none-eabi/12.1.0/../../../../arm-none-eabi/lib/thumb/v7e-m/nofp/libg.a(lib_a-lock.o)
                0x000000006000a980                __retarget_lock_close_recursive
 .text.__retarget_lock_acquire
                0x000000006000a984        0x4 /usr/lib/gcc/arm-none-eabi/12.1.0/../../../../arm-none-eabi/lib/thumb/v7e-m/nofp/libg.a(lib_a-lock.o)
                0x000000006000a984                __retarget_lock_acquire
 .text.__retarget_lock_acquire_recursive
                0x000000006000a988        0x4 /usr/lib/gcc/arm-none-eabi/12.1.0/../../../../arm-none-eabi/lib/thumb/v7e-m/nofp/libg.a(lib_a-lock.o)
                0x000000006000a988                __retarget_lock_acquire_recursive
 .text.__retarget_lock_try_acquire
                0x000000006000a98c        0x4 /usr/lib/gcc/arm-none-eabi/12.1.0/../../../../arm-none-eabi/lib/thumb/v7e-m/nofp/libg.a(lib_a-lock.o)
                0x000000006000a98c                __retarget_lock_try_acquire
 .text.__retarget_lock_try_acquire_recursive
                0x000000006000a990        0x4 /usr/lib/gcc/arm-none-eabi/12.1.0/../../../../arm-none-eabi/lib/thumb/v7e-m/nofp/libg.a(lib_a-lock.o)
                0x000000006000a990                __retarget_lock_try_acquire_recursive
 .text.__retarget_lock_release
                0x000000006000a994        0x4 /usr/lib/gcc/arm-none-eabi/12.1.0/../../../../arm-none-eabi/lib/thumb/v7e-m/nofp/libg.a(lib_a-lock.o)
                0x000000006000a994                __retarget_lock_release
 .text.__retarget_lock_release_recursive
                0x000000006000a998        0x4 /usr/lib/gcc/arm-none-eabi/12.1.0/../../../../arm-none-eabi/lib/thumb/v7e-m/nofp/libg.a(lib_a-lock.o)
                0x000000006000a998                __retarget_lock_release_recursive
 .text.__smakebuf_r
                0x000000006000a99c       0xe0 /usr/lib/gcc/arm-none-eabi/12.1.0/../../../../arm-none-eabi/lib/thumb/v7e-m/nofp/libg.a(lib_a-makebuf.o)
                0x000000006000a99c                __smakebuf_r
 .text.__swhatbuf_r
                0x000000006000aa7c       0x60 /usr/lib/gcc/arm-none-eabi/12.1.0/../../../../arm-none-eabi/lib/thumb/v7e-m/nofp/libg.a(lib_a-makebuf.o)
                0x000000006000aa7c                __swhatbuf_r
 .text._mbtowc_r
                0x000000006000aadc       0x14 /usr/lib/gcc/arm-none-eabi/12.1.0/../../../../arm-none-eabi/lib/thumb/v7e-m/nofp/libg.a(lib_a-mbtowc_r.o)
                0x000000006000aadc                _mbtowc_r
 .text.__ascii_mbtowc
                0x000000006000aaf0       0x2c /usr/lib/gcc/arm-none-eabi/12.1.0/../../../../arm-none-eabi/lib/thumb/v7e-m/nofp/libg.a(lib_a-mbtowc_r.o)
                0x000000006000aaf0                __ascii_mbtowc
 .text.memmove  0x000000006000ab1c       0xf8 /usr/lib/gcc/arm-none-eabi/12.1.0/../../../../arm-none-eabi/lib/thumb/v7e-m/nofp/libg.a(lib_a-memmove.o)
                0x000000006000ab1c                memmove
 .text._realloc_r
                0x000000006000ac14      0x3d8 /usr/lib/gcc/arm-none-eabi/12.1.0/../../../../arm-none-eabi/lib/thumb/v7e-m/nofp/libg.a(lib_a-reallocr.o)
                0x000000006000ac14                _realloc_r
 .text.cleanup_glue
                0x000000006000afec       0x48 /usr/lib/gcc/arm-none-eabi/12.1.0/../../../../arm-none-eabi/lib/thumb/v7e-m/nofp/libg.a(lib_a-reent.o)
                0x000000006000afec                cleanup_glue
 .text._reclaim_reent
                0x000000006000b034       0x90 /usr/lib/gcc/arm-none-eabi/12.1.0/../../../../arm-none-eabi/lib/thumb/v7e-m/nofp/libg.a(lib_a-reent.o)
                0x000000006000b034                _reclaim_reent
 .text._init_signal_r
                0x000000006000b0c4       0x30 /usr/lib/gcc/arm-none-eabi/12.1.0/../../../../arm-none-eabi/lib/thumb/v7e-m/nofp/libg.a(lib_a-signal.o)
                0x000000006000b0c4                _init_signal_r
 .text._signal_r
                0x000000006000b0f4       0x4c /usr/lib/gcc/arm-none-eabi/12.1.0/../../../../arm-none-eabi/lib/thumb/v7e-m/nofp/libg.a(lib_a-signal.o)
                0x000000006000b0f4                _signal_r
 .text._raise_r
                0x000000006000b140       0x58 /usr/lib/gcc/arm-none-eabi/12.1.0/../../../../arm-none-eabi/lib/thumb/v7e-m/nofp/libg.a(lib_a-signal.o)
                0x000000006000b140                _raise_r
 .text.__sigtramp_r
                0x000000006000b198       0x64 /usr/lib/gcc/arm-none-eabi/12.1.0/../../../../arm-none-eabi/lib/thumb/v7e-m/nofp/libg.a(lib_a-signal.o)
                0x000000006000b198                __sigtramp_r
 .text.raise    0x000000006000b1fc       0x5c /usr/lib/gcc/arm-none-eabi/12.1.0/../../../../arm-none-eabi/lib/thumb/v7e-m/nofp/libg.a(lib_a-signal.o)
                0x000000006000b1fc                raise
 .text.signal   0x000000006000b258       0x54 /usr/lib/gcc/arm-none-eabi/12.1.0/../../../../arm-none-eabi/lib/thumb/v7e-m/nofp/libg.a(lib_a-signal.o)
                0x000000006000b258                signal
 .text._init_signal
                0x000000006000b2ac       0x38 /usr/lib/gcc/arm-none-eabi/12.1.0/../../../../arm-none-eabi/lib/thumb/v7e-m/nofp/libg.a(lib_a-signal.o)
                0x000000006000b2ac                _init_signal
 .text.__sigtramp
                0x000000006000b2e4       0x68 /usr/lib/gcc/arm-none-eabi/12.1.0/../../../../arm-none-eabi/lib/thumb/v7e-m/nofp/libg.a(lib_a-signal.o)
                0x000000006000b2e4                __sigtramp
 .text._kill_r  0x000000006000b34c       0x2c /usr/lib/gcc/arm-none-eabi/12.1.0/../../../../arm-none-eabi/lib/thumb/v7e-m/nofp/libg.a(lib_a-signalr.o)
                0x000000006000b34c                _kill_r
 .text._getpid_r
                0x000000006000b378        0x4 /usr/lib/gcc/arm-none-eabi/12.1.0/../../../../arm-none-eabi/lib/thumb/v7e-m/nofp/libg.a(lib_a-signalr.o)
                0x000000006000b378                _getpid_r
 .text.__sread  0x000000006000b37c       0x24 /usr/lib/gcc/arm-none-eabi/12.1.0/../../../../arm-none-eabi/lib/thumb/v7e-m/nofp/libg.a(lib_a-stdio.o)
                0x000000006000b37c                __sread
 .text.__seofread
                0x000000006000b3a0        0x4 /usr/lib/gcc/arm-none-eabi/12.1.0/../../../../arm-none-eabi/lib/thumb/v7e-m/nofp/libg.a(lib_a-stdio.o)
                0x000000006000b3a0                __seofread
 .text.__swrite
                0x000000006000b3a4       0x40 /usr/lib/gcc/arm-none-eabi/12.1.0/../../../../arm-none-eabi/lib/thumb/v7e-m/nofp/libg.a(lib_a-stdio.o)
                0x000000006000b3a4                __swrite
 .text.__sseek  0x000000006000b3e4       0x20 /usr/lib/gcc/arm-none-eabi/12.1.0/../../../../arm-none-eabi/lib/thumb/v7e-m/nofp/libg.a(lib_a-stdio.o)
                0x000000006000b3e4                __sseek
 .text.__sclose
                0x000000006000b404        0x8 /usr/lib/gcc/arm-none-eabi/12.1.0/../../../../arm-none-eabi/lib/thumb/v7e-m/nofp/libg.a(lib_a-stdio.o)
                0x000000006000b404                __sclose
 .text.strncpy  0x000000006000b40c       0x64 /usr/lib/gcc/arm-none-eabi/12.1.0/../../../../arm-none-eabi/lib/thumb/v7e-m/nofp/libg.a(lib_a-strncpy.o)
                0x000000006000b40c                strncpy
 .text.__swbuf_r
                0x000000006000b470       0xb0 /usr/lib/gcc/arm-none-eabi/12.1.0/../../../../arm-none-eabi/lib/thumb/v7e-m/nofp/libg.a(lib_a-wbuf.o)
                0x000000006000b470                __swbuf_r
 .text.__swbuf  0x000000006000b520       0x18 /usr/lib/gcc/arm-none-eabi/12.1.0/../../../../arm-none-eabi/lib/thumb/v7e-m/nofp/libg.a(lib_a-wbuf.o)
                0x000000006000b520                __swbuf
 .text._wcrtomb_r
                0x000000006000b538       0x34 /usr/lib/gcc/arm-none-eabi/12.1.0/../../../../arm-none-eabi/lib/thumb/v7e-m/nofp/libg.a(lib_a-wcrtomb.o)
                0x000000006000b538                _wcrtomb_r
 .text.wcrtomb  0x000000006000b56c       0x48 /usr/lib/gcc/arm-none-eabi/12.1.0/../../../../arm-none-eabi/lib/thumb/v7e-m/nofp/libg.a(lib_a-wcrtomb.o)
                0x000000006000b56c                wcrtomb
 .text._wctomb_r
                0x000000006000b5b4       0x14 /usr/lib/gcc/arm-none-eabi/12.1.0/../../../../arm-none-eabi/lib/thumb/v7e-m/nofp/libg.a(lib_a-wctomb_r.o)
                0x000000006000b5b4                _wctomb_r
 .text.__ascii_wctomb
                0x000000006000b5c8       0x1c /usr/lib/gcc/arm-none-eabi/12.1.0/../../../../arm-none-eabi/lib/thumb/v7e-m/nofp/libg.a(lib_a-wctomb_r.o)
                0x000000006000b5c8                __ascii_wctomb
 .text._write_r
                0x000000006000b5e4       0x2c /usr/lib/gcc/arm-none-eabi/12.1.0/../../../../arm-none-eabi/lib/thumb/v7e-m/nofp/libg.a(lib_a-writer.o)
                0x000000006000b5e4                _write_r
 .text._close_r
                0x000000006000b610       0x24 /usr/lib/gcc/arm-none-eabi/12.1.0/../../../../arm-none-eabi/lib/thumb/v7e-m/nofp/libg.a(lib_a-closer.o)
                0x000000006000b610                _close_r
 .text._fclose_r
                0x000000006000b634       0xd0 /usr/lib/gcc/arm-none-eabi/12.1.0/../../../../arm-none-eabi/lib/thumb/v7e-m/nofp/libg.a(lib_a-fclose.o)
                0x000000006000b634                _fclose_r
 .text.fclose   0x000000006000b704       0x10 /usr/lib/gcc/arm-none-eabi/12.1.0/../../../../arm-none-eabi/lib/thumb/v7e-m/nofp/libg.a(lib_a-fclose.o)
                0x000000006000b704                fclose
 .text._fstat_r
                0x000000006000b714       0x2c /usr/lib/gcc/arm-none-eabi/12.1.0/../../../../arm-none-eabi/lib/thumb/v7e-m/nofp/libg.a(lib_a-fstatr.o)
                0x000000006000b714                _fstat_r
 .text._isatty_r
                0x000000006000b740       0x24 /usr/lib/gcc/arm-none-eabi/12.1.0/../../../../arm-none-eabi/lib/thumb/v7e-m/nofp/libg.a(lib_a-isattyr.o)
                0x000000006000b740                _isatty_r
 .text._lseek_r
                0x000000006000b764       0x2c /usr/lib/gcc/arm-none-eabi/12.1.0/../../../../arm-none-eabi/lib/thumb/v7e-m/nofp/libg.a(lib_a-lseekr.o)
                0x000000006000b764                _lseek_r
 .text._read_r  0x000000006000b790       0x2c /usr/lib/gcc/arm-none-eabi/12.1.0/../../../../arm-none-eabi/lib/thumb/v7e-m/nofp/libg.a(lib_a-readr.o)
                0x000000006000b790                _read_r
 .text._close   0x000000006000b7bc       0x10 /usr/lib/gcc/arm-none-eabi/12.1.0/../../../../arm-none-eabi/lib/thumb/v7e-m/nofp/libnosys.a(close.o)
                0x000000006000b7bc                _close
 .text._fstat   0x000000006000b7cc       0x10 /usr/lib/gcc/arm-none-eabi/12.1.0/../../../../arm-none-eabi/lib/thumb/v7e-m/nofp/libnosys.a(fstat.o)
                0x000000006000b7cc                _fstat
 .text._getpid  0x000000006000b7dc       0x10 /usr/lib/gcc/arm-none-eabi/12.1.0/../../../../arm-none-eabi/lib/thumb/v7e-m/nofp/libnosys.a(getpid.o)
                0x000000006000b7dc                _getpid
 .text._isatty  0x000000006000b7ec       0x10 /usr/lib/gcc/arm-none-eabi/12.1.0/../../../../arm-none-eabi/lib/thumb/v7e-m/nofp/libnosys.a(isatty.o)
                0x000000006000b7ec                _isatty
 .text._kill    0x000000006000b7fc       0x10 /usr/lib/gcc/arm-none-eabi/12.1.0/../../../../arm-none-eabi/lib/thumb/v7e-m/nofp/libnosys.a(kill.o)
                0x000000006000b7fc                _kill
 .text._lseek   0x000000006000b80c       0x10 /usr/lib/gcc/arm-none-eabi/12.1.0/../../../../arm-none-eabi/lib/thumb/v7e-m/nofp/libnosys.a(lseek.o)
                0x000000006000b80c                _lseek
 .text._read    0x000000006000b81c       0x10 /usr/lib/gcc/arm-none-eabi/12.1.0/../../../../arm-none-eabi/lib/thumb/v7e-m/nofp/libnosys.a(read.o)
                0x000000006000b81c                _read
 .text._sbrk    0x000000006000b82c       0x1c /usr/lib/gcc/arm-none-eabi/12.1.0/../../../../arm-none-eabi/lib/thumb/v7e-m/nofp/libnosys.a(sbrk.o)
                0x000000006000b82c                _sbrk
 .text._write   0x000000006000b848       0x10 /usr/lib/gcc/arm-none-eabi/12.1.0/../../../../arm-none-eabi/lib/thumb/v7e-m/nofp/libnosys.a(write.o)
                0x000000006000b848                _write
 .text._exit    0x000000006000b858        0x4 /usr/lib/gcc/arm-none-eabi/12.1.0/../../../../arm-none-eabi/lib/thumb/v7e-m/nofp/libnosys.a(_exit.o)
                0x000000006000b858                _exit
 *(.glue_7)
 .glue_7        0x000000006000b85c        0x0 linker stubs
 *(.glue_7t)
 .glue_7t       0x000000006000b85c        0x0 linker stubs
 *(.eh_frame)
 *(.init)
 *(.fini)
                0x000000006000b85c                . = ALIGN (0x4)
                0x000000006000b85c                _etext = .

.vfp11_veneer   0x000000006000b85c        0x0
 .vfp11_veneer  0x000000006000b85c        0x0 linker stubs

.v4_bx          0x000000006000b85c        0x0
 .v4_bx         0x000000006000b85c        0x0 linker stubs

.iplt           0x000000006000b85c        0x0
 .iplt          0x000000006000b85c        0x0 build/usb_device_interface_0_cic_vcom.o

.rodata         0x000000006000b85c     0x169c
                0x000000006000b85c                . = ALIGN (0x4)
 *(.rodata)
 .rodata        0x000000006000b85c        0x3 build/usb_device_composite.o
 *fill*         0x000000006000b85f        0x1 
 .rodata        0x000000006000b860       0x40 build/clock_config.o
                0x000000006000b87c                armPllConfig_BOARD_BootClockRUN
                0x000000006000b884                sysPllConfig_BOARD_BootClockRUN
                0x000000006000b898                usb1PllConfig_BOARD_BootClockRUN
                0x000000006000b89a                enetPllConfig_BOARD_BootClockRUN
 .rodata        0x000000006000b8a0       0xa4 build/peripherals.o
                0x000000006000b8a0                CAN1_config
                0x000000006000b8c0                CAN1_rx_mb_config_0
                0x000000006000b8c8                CAN1_rx_mb_config_1
                0x000000006000b8d0                CAN2_config
                0x000000006000b8f0                CAN2_rx_mb_config_0
                0x000000006000b8f8                CAN2_rx_mb_config_1
                0x000000006000b900                CAN3_config
                0x000000006000b920                CAN3_rx_mb_config_0
                0x000000006000b928                CAN3_rx_mb_config_1
                0x000000006000b930                LPUART7_config
 .rodata        0x000000006000b944       0x13 build/MIMXRT1062DVJ6A/fsl_common_arm.o
 *fill*         0x000000006000b957        0x1 
 .rodata        0x000000006000b958      0x187 build/MIMXRT1062DVJ6A/fsl_clock.o
 .rodata        0x000000006000badf      0x107 build/MIMXRT1062DVJ6A/fsl_os_abstraction_bm.o
                0x000000006000bbe5                gUseRtos_c
 *fill*         0x000000006000bbe6        0x2 
 .rodata        0x000000006000bbe8       0x34 build/MIMXRT1062DVJ6A/usb_device_ch9.o
 .rodata        0x000000006000bc1c        0xc build/MIMXRT1062DVJ6A/usb_phy.o
 .rodata        0x000000006000bc28      0x417 build/MIMXRT1062DVJ6A/fsl_flexcan.o
 *fill*         0x000000006000c03f        0x1 
 .rodata        0x000000006000c040       0x6c build/MIMXRT1062DVJ6A/fsl_gpio.o
 .rodata        0x000000006000c0ac      0x292 build/MIMXRT1062DVJ6A/fsl_lpuart.o
                0x000000006000c23e                s_lpuartIRQ
 *fill*         0x000000006000c33e        0x2 
 .rodata        0x000000006000c340       0x18 build/MIMXRT1062DVJ6A/usb_device_dci.o
 .rodata        0x000000006000c358       0x86 build/MIMXRT1062DVJ6A/fsl_adapter_lpuart.o
 *(.rodata*)
 .rodata.str1.1
                0x000000006000c3de       0x2e build/usb_device_interface_0_cic_vcom.o
 .rodata.str1.1
                0x000000006000c40c       0x41 build/clock_config.o
 .rodata.str1.1
                0x000000006000c44d       0x3c build/MIMXRT1062DVJ6A/fsl_common_arm.o
 .rodata.str1.1
                0x000000006000c489       0x5b build/MIMXRT1062DVJ6A/fsl_clock.o
 .rodata.str1.1
                0x000000006000c4e4       0x62 build/MIMXRT1062DVJ6A/fsl_os_abstraction_bm.o
 .rodata.str1.1
                0x000000006000c546      0x561 build/MIMXRT1062DVJ6A/fsl_flexcan.o
                                        0x5b4 (size before relaxing)
 .rodata.str1.1
                0x000000006000caa7       0x4f build/MIMXRT1062DVJ6A/fsl_gpio.o
                                         0x7f (size before relaxing)
 .rodata.str1.1
                0x000000006000caf6      0x1ab build/MIMXRT1062DVJ6A/fsl_lpuart.o
                                        0x1ea (size before relaxing)
 .rodata.str1.1
                0x000000006000cca1       0xaf build/MIMXRT1062DVJ6A/fsl_adapter_lpuart.o
                                         0xda (size before relaxing)
 .rodata.__assert_func.str1.4
                0x000000006000cd50       0x3f /usr/lib/gcc/arm-none-eabi/12.1.0/../../../../arm-none-eabi/lib/thumb/v7e-m/nofp/libg.a(lib_a-assert.o)
                                         0x43 (size before relaxing)
 *fill*         0x000000006000cd8f        0x1 
 .rodata._global_impure_ptr
                0x000000006000cd90        0x4 /usr/lib/gcc/arm-none-eabi/12.1.0/../../../../arm-none-eabi/lib/thumb/v7e-m/nofp/libg.a(lib_a-impure.o)
                0x000000006000cd90                _global_impure_ptr
 .rodata._vfiprintf_r.str1.4
                0x000000006000cd94       0x2f /usr/lib/gcc/arm-none-eabi/12.1.0/../../../../arm-none-eabi/lib/thumb/v7e-m/nofp/libg.a(lib_a-vfiprintf.o)
 *fill*         0x000000006000cdc3        0x1 
 .rodata.blanks.1
                0x000000006000cdc4       0x10 /usr/lib/gcc/arm-none-eabi/12.1.0/../../../../arm-none-eabi/lib/thumb/v7e-m/nofp/libg.a(lib_a-vfiprintf.o)
 .rodata.zeroes.0
                0x000000006000cdd4       0x10 /usr/lib/gcc/arm-none-eabi/12.1.0/../../../../arm-none-eabi/lib/thumb/v7e-m/nofp/libg.a(lib_a-vfiprintf.o)
 .rodata._setlocale_r.str1.4
                0x000000006000cde4        0xa /usr/lib/gcc/arm-none-eabi/12.1.0/../../../../arm-none-eabi/lib/thumb/v7e-m/nofp/libg.a(lib_a-locale.o)
                                          0xd (size before relaxing)
 *fill*         0x000000006000cdee        0x2 
 .rodata.str1.4
                0x000000006000cdf0        0x2 /usr/lib/gcc/arm-none-eabi/12.1.0/../../../../arm-none-eabi/lib/thumb/v7e-m/nofp/libg.a(lib_a-locale.o)
 *fill*         0x000000006000cdf2        0x2 
 .rodata._ctype_
                0x000000006000cdf4      0x101 /usr/lib/gcc/arm-none-eabi/12.1.0/../../../../arm-none-eabi/lib/thumb/v7e-m/nofp/libg.a(lib_a-ctype_.o)
                0x000000006000cdf4                _ctype_
                0x000000006000cef8                . = ALIGN (0x4)
 *fill*         0x000000006000cef5        0x3 

.ARM.extab      0x000000006000cef8        0x0
 *(.ARM.extab* .gnu.linkonce.armextab.*)
 .ARM.extab.text.__udivmoddi4
                0x000000006000cef8        0x0 /usr/lib/gcc/arm-none-eabi/12.1.0/thumb/v7e-m/nofp/libgcc.a(_udivmoddi4.o)

.ARM            0x000000006000cef8        0x8
                0x000000006000cef8                __exidx_start = .
 *(.ARM.exidx*)
 .ARM.exidx.text.__udivmoddi4
                0x000000006000cef8        0x8 /usr/lib/gcc/arm-none-eabi/12.1.0/thumb/v7e-m/nofp/libgcc.a(_udivmoddi4.o)
                0x000000006000cf00                __exidx_end = .

.rel.dyn        0x000000006000cf00        0x0
 .rel.iplt      0x000000006000cf00        0x0 build/usb_device_interface_0_cic_vcom.o

.preinit_array  0x000000006000cf00        0x0
                [!provide]                        PROVIDE (__preinit_array_start = .)
 *(.preinit_array*)
                [!provide]                        PROVIDE (__preinit_array_end = .)

.init_array     0x000000006000cf00        0x0
                [!provide]                        PROVIDE (__init_array_start = .)
 *(SORT_BY_NAME(.init_array.*))
 *(.init_array*)
                [!provide]                        PROVIDE (__init_array_end = .)

.fini_array     0x000000006000cf00        0x0
                [!provide]                        PROVIDE (__fini_array_start = .)
 *(SORT_BY_NAME(.fini_array.*))
 *(.fini_array*)
                [!provide]                        PROVIDE (__fini_array_end = .)
                0x000000006000cf00                _sidata = LOADADDR (.data)

.data           0x0000000020000000      0xaec load address 0x000000006000cf00
                0x0000000020000000                . = ALIGN (0x4)
                0x0000000020000000                _sdata = .
 *(.data)
 .data          0x0000000020000000        0x7 build/usb_device_interface_0_cic_vcom.o
 *fill*         0x0000000020000007        0x1 
 .data          0x0000000020000008       0x2c build/usb_device_composite.o
                0x0000000020000008                g_UsbDeviceCompositeConfigList
                0x0000000020000014                g_CompositeClassConfig
 .data          0x0000000020000034      0x108 build/usb_device_descriptor.o
                0x0000000020000034                g_UsbDeviceDescriptor
                0x0000000020000048                g_UsbDeviceConfigurationDescriptor
                0x0000000020000094                g_UsbDeviceLanguageList
                0x00000000200000a4                g_UsbDeviceInterface0CicVcomSetting0DefaultEndpoints
                0x00000000200000aa                g_UsbDeviceInterface1DicVcomSetting0DefaultEndpoints
                0x00000000200000b8                g_UsbDeviceLanguage
                0x00000000200000c4                g_UsbDeviceStringDescriptorArray
                0x00000000200000d0                g_UsbDeviceStringDescriptorLength
                0x00000000200000dc                g_UsbDeviceString2
                0x00000000200000e8                g_UsbDeviceString1
                0x00000000200000f0                g_UsbDeviceString0
                0x00000000200000f4                g_UsbDeviceInterface0CicVcomConfig
                0x00000000200000fc                g_UsbDeviceInterface0CicVcomInterfaceList
                0x0000000020000104                g_UsbDeviceInterface0CicVcomInterfaces
                0x000000002000011c                g_UsbDeviceInterface1DicVcomInterface
                0x000000002000012c                g_UsbDeviceInterface0CicVcomInterface
 .data          0x000000002000013c        0x0 build/clock_config.o
 .data          0x000000002000013c        0x0 build/dcd.o
 .data          0x000000002000013c        0x0 build/peripherals.o
 .data          0x000000002000013c        0x0 build/pin_mux.o
 .data          0x000000002000013c        0x0 build/MIMXRT1062DVJ6A/fsl_common.o
 .data          0x000000002000013c        0x4 build/MIMXRT1062DVJ6A/system_MIMXRT1062.o
                0x000000002000013c                SystemCoreClock
 .data          0x0000000020000140        0x0 build/MIMXRT1062DVJ6A/fsl_common_arm.o
 .data          0x0000000020000140        0x0 build/MIMXRT1062DVJ6A/fsl_clock.o
 .data          0x0000000020000140        0x0 build/MIMXRT1062DVJ6A/fsl_os_abstraction_bm.o
 .data          0x0000000020000140        0x0 build/MIMXRT1062DVJ6A/usb_device_class.o
 .data          0x0000000020000140        0x0 build/MIMXRT1062DVJ6A/usb_device_cdc_acm.o
 .data          0x0000000020000140        0x0 build/MIMXRT1062DVJ6A/usb_device_ch9.o
 .data          0x0000000020000140        0x0 build/MIMXRT1062DVJ6A/usb_phy.o
 .data          0x0000000020000140        0x0 build/MIMXRT1062DVJ6A/fsl_flexcan.o
 .data          0x0000000020000140        0x0 build/MIMXRT1062DVJ6A/fsl_gpio.o
 .data          0x0000000020000140        0x0 build/MIMXRT1062DVJ6A/fsl_lpuart.o
 .data          0x0000000020000140        0x0 build/MIMXRT1062DVJ6A/usb_device_dci.o
 .data          0x0000000020000140        0x0 build/MIMXRT1062DVJ6A/usb_device_ehci.o
 .data          0x0000000020000140        0x0 build/MIMXRT1062DVJ6A/fsl_debug_console.o
 .data          0x0000000020000140        0x0 build/MIMXRT1062DVJ6A/fsl_adapter_lpuart.o
 .data          0x0000000020000140        0x0 /usr/lib/gcc/arm-none-eabi/12.1.0/thumb/v7e-m/nofp/libgcc.a(_aeabi_ldivmod.o)
 .data          0x0000000020000140        0x0 /usr/lib/gcc/arm-none-eabi/12.1.0/thumb/v7e-m/nofp/libgcc.a(_aeabi_uldivmod.o)
 .data          0x0000000020000140        0x0 /usr/lib/gcc/arm-none-eabi/12.1.0/thumb/v7e-m/nofp/libgcc.a(_udivmoddi4.o)
 .data          0x0000000020000140        0x0 /usr/lib/gcc/arm-none-eabi/12.1.0/thumb/v7e-m/nofp/libgcc.a(_dvmd_tls.o)
 .data          0x0000000020000140        0x0 /usr/lib/gcc/arm-none-eabi/12.1.0/../../../../arm-none-eabi/lib/thumb/v7e-m/nofp/libg.a(lib_a-assert.o)
 .data          0x0000000020000140        0x0 /usr/lib/gcc/arm-none-eabi/12.1.0/../../../../arm-none-eabi/lib/thumb/v7e-m/nofp/libg.a(lib_a-fiprintf.o)
 .data          0x0000000020000140        0x0 /usr/lib/gcc/arm-none-eabi/12.1.0/../../../../arm-none-eabi/lib/thumb/v7e-m/nofp/libg.a(lib_a-impure.o)
 .data          0x0000000020000140        0x0 /usr/lib/gcc/arm-none-eabi/12.1.0/../../../../arm-none-eabi/lib/thumb/v7e-m/nofp/libg.a(lib_a-malloc.o)
 .data          0x0000000020000140        0x0 /usr/lib/gcc/arm-none-eabi/12.1.0/../../../../arm-none-eabi/lib/thumb/v7e-m/nofp/libg.a(lib_a-mallocr.o)
 .data          0x0000000020000140        0x0 /usr/lib/gcc/arm-none-eabi/12.1.0/../../../../arm-none-eabi/lib/thumb/v7e-m/nofp/libg.a(lib_a-memset.o)
 .data          0x0000000020000140        0x0 /usr/lib/gcc/arm-none-eabi/12.1.0/../../../../arm-none-eabi/lib/thumb/v7e-m/nofp/libg.a(lib_a-mlock.o)
 .data          0x0000000020000140        0x0 /usr/lib/gcc/arm-none-eabi/12.1.0/../../../../arm-none-eabi/lib/thumb/v7e-m/nofp/libg.a(lib_a-sbrkr.o)
 .data          0x0000000020000140        0x0 /usr/lib/gcc/arm-none-eabi/12.1.0/../../../../arm-none-eabi/lib/thumb/v7e-m/nofp/libg.a(lib_a-strlen.o)
 .data          0x0000000020000140        0x0 /usr/lib/gcc/arm-none-eabi/12.1.0/../../../../arm-none-eabi/lib/thumb/v7e-m/nofp/libg.a(lib_a-vfiprintf.o)
 .data          0x0000000020000140        0x0 /usr/lib/gcc/arm-none-eabi/12.1.0/../../../../arm-none-eabi/lib/thumb/v7e-m/nofp/libg.a(lib_a-wsetup.o)
 .data          0x0000000020000140        0x0 /usr/lib/gcc/arm-none-eabi/12.1.0/../../../../arm-none-eabi/lib/thumb/v7e-m/nofp/libg.a(lib_a-abort.o)
 .data          0x0000000020000140        0x0 /usr/lib/gcc/arm-none-eabi/12.1.0/../../../../arm-none-eabi/lib/thumb/v7e-m/nofp/libg.a(lib_a-fflush.o)
 .data          0x0000000020000140        0x0 /usr/lib/gcc/arm-none-eabi/12.1.0/../../../../arm-none-eabi/lib/thumb/v7e-m/nofp/libg.a(lib_a-findfp.o)
 .data          0x0000000020000140        0x0 /usr/lib/gcc/arm-none-eabi/12.1.0/../../../../arm-none-eabi/lib/thumb/v7e-m/nofp/libg.a(lib_a-fputwc.o)
 .data          0x0000000020000140        0x0 /usr/lib/gcc/arm-none-eabi/12.1.0/../../../../arm-none-eabi/lib/thumb/v7e-m/nofp/libg.a(lib_a-freer.o)
 .data          0x0000000020000140        0x0 /usr/lib/gcc/arm-none-eabi/12.1.0/../../../../arm-none-eabi/lib/thumb/v7e-m/nofp/libg.a(lib_a-fvwrite.o)
 .data          0x0000000020000140        0x0 /usr/lib/gcc/arm-none-eabi/12.1.0/../../../../arm-none-eabi/lib/thumb/v7e-m/nofp/libg.a(lib_a-fwalk.o)
 .data          0x0000000020000140        0x0 /usr/lib/gcc/arm-none-eabi/12.1.0/../../../../arm-none-eabi/lib/thumb/v7e-m/nofp/libg.a(lib_a-localeconv.o)
 .data          0x0000000020000140        0x0 /usr/lib/gcc/arm-none-eabi/12.1.0/../../../../arm-none-eabi/lib/thumb/v7e-m/nofp/libg.a(lib_a-locale.o)
 .data          0x0000000020000140        0x0 /usr/lib/gcc/arm-none-eabi/12.1.0/../../../../arm-none-eabi/lib/thumb/v7e-m/nofp/libg.a(lib_a-lock.o)
 .data          0x0000000020000140        0x0 /usr/lib/gcc/arm-none-eabi/12.1.0/../../../../arm-none-eabi/lib/thumb/v7e-m/nofp/libg.a(lib_a-makebuf.o)
 .data          0x0000000020000140        0x0 /usr/lib/gcc/arm-none-eabi/12.1.0/../../../../arm-none-eabi/lib/thumb/v7e-m/nofp/libg.a(lib_a-mbtowc_r.o)
 .data          0x0000000020000140        0x0 /usr/lib/gcc/arm-none-eabi/12.1.0/../../../../arm-none-eabi/lib/thumb/v7e-m/nofp/libg.a(lib_a-memchr.o)
 .data          0x0000000020000140        0x0 /usr/lib/gcc/arm-none-eabi/12.1.0/../../../../arm-none-eabi/lib/thumb/v7e-m/nofp/libg.a(lib_a-memcpy.o)
 .data          0x0000000020000140        0x0 /usr/lib/gcc/arm-none-eabi/12.1.0/../../../../arm-none-eabi/lib/thumb/v7e-m/nofp/libg.a(lib_a-memmove.o)
 .data          0x0000000020000140        0x0 /usr/lib/gcc/arm-none-eabi/12.1.0/../../../../arm-none-eabi/lib/thumb/v7e-m/nofp/libg.a(lib_a-reallocr.o)
 .data          0x0000000020000140        0x0 /usr/lib/gcc/arm-none-eabi/12.1.0/../../../../arm-none-eabi/lib/thumb/v7e-m/nofp/libg.a(lib_a-reent.o)
 .data          0x0000000020000140        0x0 /usr/lib/gcc/arm-none-eabi/12.1.0/../../../../arm-none-eabi/lib/thumb/v7e-m/nofp/libg.a(lib_a-signal.o)
 .data          0x0000000020000140        0x0 /usr/lib/gcc/arm-none-eabi/12.1.0/../../../../arm-none-eabi/lib/thumb/v7e-m/nofp/libg.a(lib_a-signalr.o)
 .data          0x0000000020000140        0x0 /usr/lib/gcc/arm-none-eabi/12.1.0/../../../../arm-none-eabi/lib/thumb/v7e-m/nofp/libg.a(lib_a-stdio.o)
 .data          0x0000000020000140        0x0 /usr/lib/gcc/arm-none-eabi/12.1.0/../../../../arm-none-eabi/lib/thumb/v7e-m/nofp/libg.a(lib_a-strcmp.o)
 .data          0x0000000020000140        0x0 /usr/lib/gcc/arm-none-eabi/12.1.0/../../../../arm-none-eabi/lib/thumb/v7e-m/nofp/libg.a(lib_a-strncpy.o)
 .data          0x0000000020000140        0x0 /usr/lib/gcc/arm-none-eabi/12.1.0/../../../../arm-none-eabi/lib/thumb/v7e-m/nofp/libg.a(lib_a-wbuf.o)
 .data          0x0000000020000140        0x0 /usr/lib/gcc/arm-none-eabi/12.1.0/../../../../arm-none-eabi/lib/thumb/v7e-m/nofp/libg.a(lib_a-wcrtomb.o)
 .data          0x0000000020000140        0x0 /usr/lib/gcc/arm-none-eabi/12.1.0/../../../../arm-none-eabi/lib/thumb/v7e-m/nofp/libg.a(lib_a-wctomb_r.o)
 .data          0x0000000020000140        0x0 /usr/lib/gcc/arm-none-eabi/12.1.0/../../../../arm-none-eabi/lib/thumb/v7e-m/nofp/libg.a(lib_a-writer.o)
 .data          0x0000000020000140        0x0 /usr/lib/gcc/arm-none-eabi/12.1.0/../../../../arm-none-eabi/lib/thumb/v7e-m/nofp/libg.a(lib_a-closer.o)
 .data          0x0000000020000140        0x0 /usr/lib/gcc/arm-none-eabi/12.1.0/../../../../arm-none-eabi/lib/thumb/v7e-m/nofp/libg.a(lib_a-ctype_.o)
 .data          0x0000000020000140        0x0 /usr/lib/gcc/arm-none-eabi/12.1.0/../../../../arm-none-eabi/lib/thumb/v7e-m/nofp/libg.a(lib_a-fclose.o)
 .data          0x0000000020000140        0x0 /usr/lib/gcc/arm-none-eabi/12.1.0/../../../../arm-none-eabi/lib/thumb/v7e-m/nofp/libg.a(lib_a-fstatr.o)
 .data          0x0000000020000140        0x0 /usr/lib/gcc/arm-none-eabi/12.1.0/../../../../arm-none-eabi/lib/thumb/v7e-m/nofp/libg.a(lib_a-isattyr.o)
 .data          0x0000000020000140        0x0 /usr/lib/gcc/arm-none-eabi/12.1.0/../../../../arm-none-eabi/lib/thumb/v7e-m/nofp/libg.a(lib_a-lseekr.o)
 .data          0x0000000020000140        0x0 /usr/lib/gcc/arm-none-eabi/12.1.0/../../../../arm-none-eabi/lib/thumb/v7e-m/nofp/libg.a(lib_a-readr.o)
 .data          0x0000000020000140        0x0 /usr/lib/gcc/arm-none-eabi/12.1.0/../../../../arm-none-eabi/lib/thumb/v7e-m/nofp/libnosys.a(close.o)
 .data          0x0000000020000140        0x0 /usr/lib/gcc/arm-none-eabi/12.1.0/../../../../arm-none-eabi/lib/thumb/v7e-m/nofp/libnosys.a(fstat.o)
 .data          0x0000000020000140        0x0 /usr/lib/gcc/arm-none-eabi/12.1.0/../../../../arm-none-eabi/lib/thumb/v7e-m/nofp/libnosys.a(getpid.o)
 .data          0x0000000020000140        0x0 /usr/lib/gcc/arm-none-eabi/12.1.0/../../../../arm-none-eabi/lib/thumb/v7e-m/nofp/libnosys.a(isatty.o)
 .data          0x0000000020000140        0x0 /usr/lib/gcc/arm-none-eabi/12.1.0/../../../../arm-none-eabi/lib/thumb/v7e-m/nofp/libnosys.a(kill.o)
 .data          0x0000000020000140        0x0 /usr/lib/gcc/arm-none-eabi/12.1.0/../../../../arm-none-eabi/lib/thumb/v7e-m/nofp/libnosys.a(lseek.o)
 .data          0x0000000020000140        0x0 /usr/lib/gcc/arm-none-eabi/12.1.0/../../../../arm-none-eabi/lib/thumb/v7e-m/nofp/libnosys.a(read.o)
 .data          0x0000000020000140        0x0 /usr/lib/gcc/arm-none-eabi/12.1.0/../../../../arm-none-eabi/lib/thumb/v7e-m/nofp/libnosys.a(sbrk.o)
 .data          0x0000000020000140        0x0 /usr/lib/gcc/arm-none-eabi/12.1.0/../../../../arm-none-eabi/lib/thumb/v7e-m/nofp/libnosys.a(write.o)
 .data          0x0000000020000140        0x0 /usr/lib/gcc/arm-none-eabi/12.1.0/../../../../arm-none-eabi/lib/thumb/v7e-m/nofp/libnosys.a(_exit.o)
 *(.data*)
 .data._impure_ptr
                0x0000000020000140        0x4 /usr/lib/gcc/arm-none-eabi/12.1.0/../../../../arm-none-eabi/lib/thumb/v7e-m/nofp/libg.a(lib_a-impure.o)
                0x0000000020000140                _impure_ptr
 *fill*         0x0000000020000144        0x4 
 .data.impure_data
                0x0000000020000148      0x428 /usr/lib/gcc/arm-none-eabi/12.1.0/../../../../arm-none-eabi/lib/thumb/v7e-m/nofp/libg.a(lib_a-impure.o)
 .data.__malloc_av_
                0x0000000020000570      0x408 /usr/lib/gcc/arm-none-eabi/12.1.0/../../../../arm-none-eabi/lib/thumb/v7e-m/nofp/libg.a(lib_a-mallocr.o)
                0x0000000020000570                __malloc_av_
 .data.__malloc_sbrk_base
                0x0000000020000978        0x4 /usr/lib/gcc/arm-none-eabi/12.1.0/../../../../arm-none-eabi/lib/thumb/v7e-m/nofp/libg.a(lib_a-mallocr.o)
                0x0000000020000978                __malloc_sbrk_base
 .data.__malloc_trim_threshold
                0x000000002000097c        0x4 /usr/lib/gcc/arm-none-eabi/12.1.0/../../../../arm-none-eabi/lib/thumb/v7e-m/nofp/libg.a(lib_a-mallocr.o)
                0x000000002000097c                __malloc_trim_threshold
 .data.__global_locale
                0x0000000020000980      0x16c /usr/lib/gcc/arm-none-eabi/12.1.0/../../../../arm-none-eabi/lib/thumb/v7e-m/nofp/libg.a(lib_a-locale.o)
                0x0000000020000980                __global_locale
                0x0000000020000aec                . = ALIGN (0x4)
                0x0000000020000aec                _edata = .

.igot.plt       0x0000000020000aec        0x0 load address 0x000000006000d9ec
 .igot.plt      0x0000000020000aec        0x0 build/usb_device_interface_0_cic_vcom.o
                0x0000000020000aec                . = ALIGN (0x4)

.bss            0x0000000020001000     0x1378 load address 0x000000006000d9ec
                0x0000000020001000                _sbss = .
                0x0000000020001000                __bss_start__ = _sbss
 *(.bss)
 .bss           0x0000000020001000      0x42e build/usb_device_interface_0_cic_vcom.o
 *fill*         0x000000002000142e        0x2 
 .bss           0x0000000020001430       0x28 build/usb_device_composite.o
                0x0000000020001430                g_UsbDeviceComposite
 .bss           0x0000000020001458        0x0 build/usb_device_descriptor.o
 .bss           0x0000000020001458        0x0 build/clock_config.o
 .bss           0x0000000020001458        0x0 build/dcd.o
 .bss           0x0000000020001458        0x0 build/peripherals.o
 .bss           0x0000000020001458        0x0 build/pin_mux.o
 .bss           0x0000000020001458        0x0 build/MIMXRT1062DVJ6A/fsl_common.o
 .bss           0x0000000020001458        0x0 build/MIMXRT1062DVJ6A/system_MIMXRT1062.o
 .bss           0x0000000020001458        0x0 build/MIMXRT1062DVJ6A/fsl_common_arm.o
 .bss           0x0000000020001458        0x8 build/MIMXRT1062DVJ6A/fsl_clock.o
                0x0000000020001458                g_xtalFreq
                0x000000002000145c                g_rtcXtalFreq
 .bss           0x0000000020001460        0xc build/MIMXRT1062DVJ6A/fsl_os_abstraction_bm.o
 .bss           0x000000002000146c       0x18 build/MIMXRT1062DVJ6A/usb_device_class.o
 .bss           0x0000000020001484       0x50 build/MIMXRT1062DVJ6A/usb_device_cdc_acm.o
 .bss           0x00000000200014d4        0x0 build/MIMXRT1062DVJ6A/usb_device_ch9.o
 .bss           0x00000000200014d4        0x0 build/MIMXRT1062DVJ6A/usb_phy.o
 .bss           0x00000000200014d4       0x14 build/MIMXRT1062DVJ6A/fsl_flexcan.o
 .bss           0x00000000200014e8        0x0 build/MIMXRT1062DVJ6A/fsl_gpio.o
 .bss           0x00000000200014e8       0x28 build/MIMXRT1062DVJ6A/fsl_lpuart.o
                0x00000000200014e8                s_lpuartHandle
                0x000000002000150c                s_lpuartIsr
 .bss           0x0000000020001510       0x60 build/MIMXRT1062DVJ6A/usb_device_dci.o
 *fill*         0x0000000020001570      0x290 
 .bss           0x0000000020001800      0xb00 build/MIMXRT1062DVJ6A/usb_device_ehci.o
 .bss           0x0000000020002300       0x14 build/MIMXRT1062DVJ6A/fsl_debug_console.o
 .bss           0x0000000020002314        0x0 build/MIMXRT1062DVJ6A/fsl_adapter_lpuart.o
 .bss           0x0000000020002314        0x0 /usr/lib/gcc/arm-none-eabi/12.1.0/thumb/v7e-m/nofp/libgcc.a(_aeabi_ldivmod.o)
 .bss           0x0000000020002314        0x0 /usr/lib/gcc/arm-none-eabi/12.1.0/thumb/v7e-m/nofp/libgcc.a(_aeabi_uldivmod.o)
 .bss           0x0000000020002314        0x0 /usr/lib/gcc/arm-none-eabi/12.1.0/thumb/v7e-m/nofp/libgcc.a(_udivmoddi4.o)
 .bss           0x0000000020002314        0x0 /usr/lib/gcc/arm-none-eabi/12.1.0/thumb/v7e-m/nofp/libgcc.a(_dvmd_tls.o)
 .bss           0x0000000020002314        0x0 /usr/lib/gcc/arm-none-eabi/12.1.0/../../../../arm-none-eabi/lib/thumb/v7e-m/nofp/libg.a(lib_a-assert.o)
 .bss           0x0000000020002314        0x0 /usr/lib/gcc/arm-none-eabi/12.1.0/../../../../arm-none-eabi/lib/thumb/v7e-m/nofp/libg.a(lib_a-fiprintf.o)
 .bss           0x0000000020002314        0x0 /usr/lib/gcc/arm-none-eabi/12.1.0/../../../../arm-none-eabi/lib/thumb/v7e-m/nofp/libg.a(lib_a-impure.o)
 .bss           0x0000000020002314        0x0 /usr/lib/gcc/arm-none-eabi/12.1.0/../../../../arm-none-eabi/lib/thumb/v7e-m/nofp/libg.a(lib_a-malloc.o)
 .bss           0x0000000020002314        0x0 /usr/lib/gcc/arm-none-eabi/12.1.0/../../../../arm-none-eabi/lib/thumb/v7e-m/nofp/libg.a(lib_a-mallocr.o)
 .bss           0x0000000020002314        0x0 /usr/lib/gcc/arm-none-eabi/12.1.0/../../../../arm-none-eabi/lib/thumb/v7e-m/nofp/libg.a(lib_a-memset.o)
 .bss           0x0000000020002314        0x0 /usr/lib/gcc/arm-none-eabi/12.1.0/../../../../arm-none-eabi/lib/thumb/v7e-m/nofp/libg.a(lib_a-mlock.o)
 .bss           0x0000000020002314        0x0 /usr/lib/gcc/arm-none-eabi/12.1.0/../../../../arm-none-eabi/lib/thumb/v7e-m/nofp/libg.a(lib_a-sbrkr.o)
 .bss           0x0000000020002314        0x0 /usr/lib/gcc/arm-none-eabi/12.1.0/../../../../arm-none-eabi/lib/thumb/v7e-m/nofp/libg.a(lib_a-strlen.o)
 .bss           0x0000000020002314        0x0 /usr/lib/gcc/arm-none-eabi/12.1.0/../../../../arm-none-eabi/lib/thumb/v7e-m/nofp/libg.a(lib_a-vfiprintf.o)
 .bss           0x0000000020002314        0x0 /usr/lib/gcc/arm-none-eabi/12.1.0/../../../../arm-none-eabi/lib/thumb/v7e-m/nofp/libg.a(lib_a-wsetup.o)
 .bss           0x0000000020002314        0x0 /usr/lib/gcc/arm-none-eabi/12.1.0/../../../../arm-none-eabi/lib/thumb/v7e-m/nofp/libg.a(lib_a-abort.o)
 .bss           0x0000000020002314        0x0 /usr/lib/gcc/arm-none-eabi/12.1.0/../../../../arm-none-eabi/lib/thumb/v7e-m/nofp/libg.a(lib_a-fflush.o)
 .bss           0x0000000020002314        0x0 /usr/lib/gcc/arm-none-eabi/12.1.0/../../../../arm-none-eabi/lib/thumb/v7e-m/nofp/libg.a(lib_a-findfp.o)
 .bss           0x0000000020002314        0x0 /usr/lib/gcc/arm-none-eabi/12.1.0/../../../../arm-none-eabi/lib/thumb/v7e-m/nofp/libg.a(lib_a-fputwc.o)
 .bss           0x0000000020002314        0x0 /usr/lib/gcc/arm-none-eabi/12.1.0/../../../../arm-none-eabi/lib/thumb/v7e-m/nofp/libg.a(lib_a-freer.o)
 .bss           0x0000000020002314        0x0 /usr/lib/gcc/arm-none-eabi/12.1.0/../../../../arm-none-eabi/lib/thumb/v7e-m/nofp/libg.a(lib_a-fvwrite.o)
 .bss           0x0000000020002314        0x0 /usr/lib/gcc/arm-none-eabi/12.1.0/../../../../arm-none-eabi/lib/thumb/v7e-m/nofp/libg.a(lib_a-fwalk.o)
 .bss           0x0000000020002314        0x0 /usr/lib/gcc/arm-none-eabi/12.1.0/../../../../arm-none-eabi/lib/thumb/v7e-m/nofp/libg.a(lib_a-localeconv.o)
 .bss           0x0000000020002314        0x0 /usr/lib/gcc/arm-none-eabi/12.1.0/../../../../arm-none-eabi/lib/thumb/v7e-m/nofp/libg.a(lib_a-locale.o)
 .bss           0x0000000020002314        0x0 /usr/lib/gcc/arm-none-eabi/12.1.0/../../../../arm-none-eabi/lib/thumb/v7e-m/nofp/libg.a(lib_a-lock.o)
 .bss           0x0000000020002314        0x0 /usr/lib/gcc/arm-none-eabi/12.1.0/../../../../arm-none-eabi/lib/thumb/v7e-m/nofp/libg.a(lib_a-makebuf.o)
 .bss           0x0000000020002314        0x0 /usr/lib/gcc/arm-none-eabi/12.1.0/../../../../arm-none-eabi/lib/thumb/v7e-m/nofp/libg.a(lib_a-mbtowc_r.o)
 .bss           0x0000000020002314        0x0 /usr/lib/gcc/arm-none-eabi/12.1.0/../../../../arm-none-eabi/lib/thumb/v7e-m/nofp/libg.a(lib_a-memchr.o)
 .bss           0x0000000020002314        0x0 /usr/lib/gcc/arm-none-eabi/12.1.0/../../../../arm-none-eabi/lib/thumb/v7e-m/nofp/libg.a(lib_a-memcpy.o)
 .bss           0x0000000020002314        0x0 /usr/lib/gcc/arm-none-eabi/12.1.0/../../../../arm-none-eabi/lib/thumb/v7e-m/nofp/libg.a(lib_a-memmove.o)
 .bss           0x0000000020002314        0x0 /usr/lib/gcc/arm-none-eabi/12.1.0/../../../../arm-none-eabi/lib/thumb/v7e-m/nofp/libg.a(lib_a-reallocr.o)
 .bss           0x0000000020002314        0x0 /usr/lib/gcc/arm-none-eabi/12.1.0/../../../../arm-none-eabi/lib/thumb/v7e-m/nofp/libg.a(lib_a-reent.o)
 .bss           0x0000000020002314        0x0 /usr/lib/gcc/arm-none-eabi/12.1.0/../../../../arm-none-eabi/lib/thumb/v7e-m/nofp/libg.a(lib_a-signal.o)
 .bss           0x0000000020002314        0x0 /usr/lib/gcc/arm-none-eabi/12.1.0/../../../../arm-none-eabi/lib/thumb/v7e-m/nofp/libg.a(lib_a-signalr.o)
 .bss           0x0000000020002314        0x0 /usr/lib/gcc/arm-none-eabi/12.1.0/../../../../arm-none-eabi/lib/thumb/v7e-m/nofp/libg.a(lib_a-stdio.o)
 .bss           0x0000000020002314        0x0 /usr/lib/gcc/arm-none-eabi/12.1.0/../../../../arm-none-eabi/lib/thumb/v7e-m/nofp/libg.a(lib_a-strcmp.o)
 .bss           0x0000000020002314        0x0 /usr/lib/gcc/arm-none-eabi/12.1.0/../../../../arm-none-eabi/lib/thumb/v7e-m/nofp/libg.a(lib_a-strncpy.o)
 .bss           0x0000000020002314        0x0 /usr/lib/gcc/arm-none-eabi/12.1.0/../../../../arm-none-eabi/lib/thumb/v7e-m/nofp/libg.a(lib_a-wbuf.o)
 .bss           0x0000000020002314        0x0 /usr/lib/gcc/arm-none-eabi/12.1.0/../../../../arm-none-eabi/lib/thumb/v7e-m/nofp/libg.a(lib_a-wcrtomb.o)
 .bss           0x0000000020002314        0x0 /usr/lib/gcc/arm-none-eabi/12.1.0/../../../../arm-none-eabi/lib/thumb/v7e-m/nofp/libg.a(lib_a-wctomb_r.o)
 .bss           0x0000000020002314        0x0 /usr/lib/gcc/arm-none-eabi/12.1.0/../../../../arm-none-eabi/lib/thumb/v7e-m/nofp/libg.a(lib_a-writer.o)
 .bss           0x0000000020002314        0x0 /usr/lib/gcc/arm-none-eabi/12.1.0/../../../../arm-none-eabi/lib/thumb/v7e-m/nofp/libg.a(lib_a-closer.o)
 .bss           0x0000000020002314        0x0 /usr/lib/gcc/arm-none-eabi/12.1.0/../../../../arm-none-eabi/lib/thumb/v7e-m/nofp/libg.a(lib_a-ctype_.o)
 .bss           0x0000000020002314        0x0 /usr/lib/gcc/arm-none-eabi/12.1.0/../../../../arm-none-eabi/lib/thumb/v7e-m/nofp/libg.a(lib_a-fclose.o)
 .bss           0x0000000020002314        0x0 /usr/lib/gcc/arm-none-eabi/12.1.0/../../../../arm-none-eabi/lib/thumb/v7e-m/nofp/libg.a(lib_a-fstatr.o)
 .bss           0x0000000020002314        0x0 /usr/lib/gcc/arm-none-eabi/12.1.0/../../../../arm-none-eabi/lib/thumb/v7e-m/nofp/libg.a(lib_a-isattyr.o)
 .bss           0x0000000020002314        0x0 /usr/lib/gcc/arm-none-eabi/12.1.0/../../../../arm-none-eabi/lib/thumb/v7e-m/nofp/libg.a(lib_a-lseekr.o)
 .bss           0x0000000020002314        0x0 /usr/lib/gcc/arm-none-eabi/12.1.0/../../../../arm-none-eabi/lib/thumb/v7e-m/nofp/libg.a(lib_a-readr.o)
 .bss           0x0000000020002314        0x0 /usr/lib/gcc/arm-none-eabi/12.1.0/../../../../arm-none-eabi/lib/thumb/v7e-m/nofp/libnosys.a(close.o)
 .bss           0x0000000020002314        0x0 /usr/lib/gcc/arm-none-eabi/12.1.0/../../../../arm-none-eabi/lib/thumb/v7e-m/nofp/libnosys.a(fstat.o)
 .bss           0x0000000020002314        0x0 /usr/lib/gcc/arm-none-eabi/12.1.0/../../../../arm-none-eabi/lib/thumb/v7e-m/nofp/libnosys.a(getpid.o)
 .bss           0x0000000020002314        0x0 /usr/lib/gcc/arm-none-eabi/12.1.0/../../../../arm-none-eabi/lib/thumb/v7e-m/nofp/libnosys.a(isatty.o)
 .bss           0x0000000020002314        0x0 /usr/lib/gcc/arm-none-eabi/12.1.0/../../../../arm-none-eabi/lib/thumb/v7e-m/nofp/libnosys.a(kill.o)
 .bss           0x0000000020002314        0x0 /usr/lib/gcc/arm-none-eabi/12.1.0/../../../../arm-none-eabi/lib/thumb/v7e-m/nofp/libnosys.a(lseek.o)
 .bss           0x0000000020002314        0x0 /usr/lib/gcc/arm-none-eabi/12.1.0/../../../../arm-none-eabi/lib/thumb/v7e-m/nofp/libnosys.a(read.o)
 .bss           0x0000000020002314        0x0 /usr/lib/gcc/arm-none-eabi/12.1.0/../../../../arm-none-eabi/lib/thumb/v7e-m/nofp/libnosys.a(sbrk.o)
 .bss           0x0000000020002314        0x0 /usr/lib/gcc/arm-none-eabi/12.1.0/../../../../arm-none-eabi/lib/thumb/v7e-m/nofp/libnosys.a(write.o)
 .bss           0x0000000020002314        0x0 /usr/lib/gcc/arm-none-eabi/12.1.0/../../../../arm-none-eabi/lib/thumb/v7e-m/nofp/libnosys.a(_exit.o)
 *(.bss*)
 .bss.__malloc_current_mallinfo
                0x0000000020002314       0x28 /usr/lib/gcc/arm-none-eabi/12.1.0/../../../../arm-none-eabi/lib/thumb/v7e-m/nofp/libg.a(lib_a-mallocr.o)
                0x0000000020002314                __malloc_current_mallinfo
 .bss.__malloc_max_sbrked_mem
                0x000000002000233c        0x4 /usr/lib/gcc/arm-none-eabi/12.1.0/../../../../arm-none-eabi/lib/thumb/v7e-m/nofp/libg.a(lib_a-mallocr.o)
                0x000000002000233c                __malloc_max_sbrked_mem
 .bss.__malloc_max_total_mem
                0x0000000020002340        0x4 /usr/lib/gcc/arm-none-eabi/12.1.0/../../../../arm-none-eabi/lib/thumb/v7e-m/nofp/libg.a(lib_a-mallocr.o)
                0x0000000020002340                __malloc_max_total_mem
 .bss.__malloc_top_pad
                0x0000000020002344        0x4 /usr/lib/gcc/arm-none-eabi/12.1.0/../../../../arm-none-eabi/lib/thumb/v7e-m/nofp/libg.a(lib_a-mallocr.o)
                0x0000000020002344                __malloc_top_pad
 .bss._PathLocale
                0x0000000020002348        0x4 /usr/lib/gcc/arm-none-eabi/12.1.0/../../../../arm-none-eabi/lib/thumb/v7e-m/nofp/libg.a(lib_a-locale.o)
                0x0000000020002348                _PathLocale
 .bss.__lock___arc4random_mutex
                0x000000002000234c        0x1 /usr/lib/gcc/arm-none-eabi/12.1.0/../../../../arm-none-eabi/lib/thumb/v7e-m/nofp/libg.a(lib_a-lock.o)
                0x000000002000234c                __lock___arc4random_mutex
 *fill*         0x000000002000234d        0x3 
 .bss.__lock___at_quick_exit_mutex
                0x0000000020002350        0x1 /usr/lib/gcc/arm-none-eabi/12.1.0/../../../../arm-none-eabi/lib/thumb/v7e-m/nofp/libg.a(lib_a-lock.o)
                0x0000000020002350                __lock___at_quick_exit_mutex
 *fill*         0x0000000020002351        0x3 
 .bss.__lock___atexit_recursive_mutex
                0x0000000020002354        0x1 /usr/lib/gcc/arm-none-eabi/12.1.0/../../../../arm-none-eabi/lib/thumb/v7e-m/nofp/libg.a(lib_a-lock.o)
                0x0000000020002354                __lock___atexit_recursive_mutex
 *fill*         0x0000000020002355        0x3 
 .bss.__lock___dd_hash_mutex
                0x0000000020002358        0x1 /usr/lib/gcc/arm-none-eabi/12.1.0/../../../../arm-none-eabi/lib/thumb/v7e-m/nofp/libg.a(lib_a-lock.o)
                0x0000000020002358                __lock___dd_hash_mutex
 *fill*         0x0000000020002359        0x3 
 .bss.__lock___env_recursive_mutex
                0x000000002000235c        0x1 /usr/lib/gcc/arm-none-eabi/12.1.0/../../../../arm-none-eabi/lib/thumb/v7e-m/nofp/libg.a(lib_a-lock.o)
                0x000000002000235c                __lock___env_recursive_mutex
 *fill*         0x000000002000235d        0x3 
 .bss.__lock___malloc_recursive_mutex
                0x0000000020002360        0x1 /usr/lib/gcc/arm-none-eabi/12.1.0/../../../../arm-none-eabi/lib/thumb/v7e-m/nofp/libg.a(lib_a-lock.o)
                0x0000000020002360                __lock___malloc_recursive_mutex
 *fill*         0x0000000020002361        0x3 
 .bss.__lock___sfp_recursive_mutex
                0x0000000020002364        0x1 /usr/lib/gcc/arm-none-eabi/12.1.0/../../../../arm-none-eabi/lib/thumb/v7e-m/nofp/libg.a(lib_a-lock.o)
                0x0000000020002364                __lock___sfp_recursive_mutex
 *fill*         0x0000000020002365        0x3 
 .bss.__lock___sinit_recursive_mutex
                0x0000000020002368        0x1 /usr/lib/gcc/arm-none-eabi/12.1.0/../../../../arm-none-eabi/lib/thumb/v7e-m/nofp/libg.a(lib_a-lock.o)
                0x0000000020002368                __lock___sinit_recursive_mutex
 *fill*         0x0000000020002369        0x3 
 .bss.__lock___tz_mutex
                0x000000002000236c        0x1 /usr/lib/gcc/arm-none-eabi/12.1.0/../../../../arm-none-eabi/lib/thumb/v7e-m/nofp/libg.a(lib_a-lock.o)
                0x000000002000236c                __lock___tz_mutex
 *fill*         0x000000002000236d        0x3 
 .bss.errno     0x0000000020002370        0x4 /usr/lib/gcc/arm-none-eabi/12.1.0/../../../../arm-none-eabi/lib/thumb/v7e-m/nofp/libg.a(lib_a-reent.o)
                0x0000000020002370                errno
 .bss.heap_end.0
                0x0000000020002374        0x4 /usr/lib/gcc/arm-none-eabi/12.1.0/../../../../arm-none-eabi/lib/thumb/v7e-m/nofp/libnosys.a(sbrk.o)
 *(COMMON)
                0x0000000020002378                . = ALIGN (0x4)
                0x0000000020002378                _ebss = .
                0x0000000020002378                __bss_end__ = _ebss

._user_heap_stack
                0x0000000020002378      0x600 load address 0x000000006000d9ec
                0x0000000020002378                . = ALIGN (0x8)
                0x0000000020002378                PROVIDE (end = .)
                [!provide]                        PROVIDE (_end = .)
                0x0000000020002578                . = (. + _Min_Heap_Size)
 *fill*         0x0000000020002378      0x200 
                0x0000000020002978                . = (. + _Min_Stack_Size)
 *fill*         0x0000000020002578      0x400 
                0x0000000020002978                . = ALIGN (0x8)

/DISCARD/
 libc.a(*)
 libm.a(*)
 libgcc.a(*)
                0x0000000020002978                _heap_bottom = .
                0x0000000020040000                _heap_top = ((ORIGIN (DTCM) + LENGTH (DTCM)) - _stack_size)

.ARM.attributes
                0x0000000000000000       0x2c
 *(.ARM.attributes)
 .ARM.attributes
                0x0000000000000000       0x2e build/usb_device_interface_0_cic_vcom.o
 .ARM.attributes
                0x000000000000002e       0x2e build/usb_device_composite.o
 .ARM.attributes
                0x000000000000005c       0x2e build/usb_device_descriptor.o
 .ARM.attributes
                0x000000000000008a       0x2e build/clock_config.o
 .ARM.attributes
                0x00000000000000b8       0x2e build/dcd.o
 .ARM.attributes
                0x00000000000000e6       0x2e build/peripherals.o
 .ARM.attributes
                0x0000000000000114       0x2e build/pin_mux.o
 .ARM.attributes
                0x0000000000000142       0x2e build/MIMXRT1062DVJ6A/fsl_common.o
 .ARM.attributes
                0x0000000000000170       0x2e build/MIMXRT1062DVJ6A/system_MIMXRT1062.o
 .ARM.attributes
                0x000000000000019e       0x2e build/MIMXRT1062DVJ6A/fsl_common_arm.o
 .ARM.attributes
                0x00000000000001cc       0x2e build/MIMXRT1062DVJ6A/fsl_clock.o
 .ARM.attributes
                0x00000000000001fa       0x2e build/MIMXRT1062DVJ6A/fsl_os_abstraction_bm.o
 .ARM.attributes
                0x0000000000000228       0x2e build/MIMXRT1062DVJ6A/usb_device_class.o
 .ARM.attributes
                0x0000000000000256       0x2e build/MIMXRT1062DVJ6A/usb_device_cdc_acm.o
 .ARM.attributes
                0x0000000000000284       0x2e build/MIMXRT1062DVJ6A/usb_device_ch9.o
 .ARM.attributes
                0x00000000000002b2       0x2e build/MIMXRT1062DVJ6A/usb_phy.o
 .ARM.attributes
                0x00000000000002e0       0x2e build/MIMXRT1062DVJ6A/fsl_flexcan.o
 .ARM.attributes